[
	{
		"id":1,
		"titleId":1129121871,
		"name":"School's Out",
		"sequence":0,
		"flags":9,
		"unlockedOnline":false,
		"unlocked":false,
		"isSecret":false,
		"platform":255,
		"gamerscore":15,
		"imageId":2,
		"description":"You have successfully completed all of the Young Driver Tests.",
		"lockedDescription":"Successfully complete all of the Young Driver Tests.",
		"type":1,
		"isRevoked":false,
		"timeUnlocked":"2002-11-15 00:00:00",
		"imageUnlocked":"http:\/\/image.xboxlive.com\/global\/t.434d084f\/ach\/0\/2"
	},
{
"id":2,
"titleId":1129121871,
"name":"Going for Gold",
"sequence":47,
"flags":1245193,
"unlockedOnline":true,
"unlocked":true,
"isSecret":false,
"platform":1,
"gamerscore":15,
"imageId":3,
"description":"You have earned a gold medal in a Young Driver Test.",
"lockedDescription":"Earn a gold medal in any of the Young Driver Tests.",
"type":1,
"isRevoked":false,
"timeUnlocked":"2015-05-23 23:28:20",
"imageUnlocked":"http:\/\/image.xboxlive.com\/global\/t.434d084f\/ach\/0\/3"
},
{
"id":3,
"titleId":1129121871,
"name":"The Golden Child",
"sequence":0,
"flags":9,
"unlockedOnline":false,
"unlocked":false,
"isSecret":false,
"platform":255,
"gamerscore":30,
"imageId":4,
"description":"You have earned a gold medal in each Young Driver Test.",
"lockedDescription":"Earn a gold medal in each Young Driver Test.",
"type":1,
"isRevoked":false,
"timeUnlocked":"2002-11-15 00:00:00",
"imageUnlocked":"http:\/\/image.xboxlive.com\/global\/t.434d084f\/ach\/0\/4"
},
{
"id":4,
"titleId":1129121871,
"name":"The Heat is On",
"sequence":0,
"flags":9,
"unlockedOnline":false,
"unlocked":false,
"isSecret":false,
"platform":255,
"gamerscore":10,
"imageId":5,
"description":"You have set a valid lap time in One-Shot Qualifying.",
"lockedDescription":"Set a valid lap time in One-Shot Qualifying.",
"type":1,
"isRevoked":false,
"timeUnlocked":"2002-11-15 00:00:00",
"imageUnlocked":"http:\/\/image.xboxlive.com\/global\/t.434d084f\/ach\/0\/5"
},
{
"id":5,
"titleId":1129121871,
"name":"It Only Takes One Shot",
"sequence":0,
"flags":9,
"unlockedOnline":false,
"unlocked":false,
"isSecret":false,
"platform":255,
"gamerscore":15,
"imageId":6,
"description":"You have taken pole position in One-Shot Qualifying.",
"lockedDescription":"Take pole position in One-Shot Qualifying.",
"type":1,
"isRevoked":false,
"timeUnlocked":"2002-11-15 00:00:00",
"imageUnlocked":"http:\/\/image.xboxlive.com\/global\/t.434d084f\/ach\/0\/6"
},
{
"id":6,
"titleId":1129121871,
"name":"FORMULA ONE Driver",
"sequence":0,
"flags":9,
"unlockedOnline":false,
"unlocked":false,
"isSecret":false,
"platform":255,
"gamerscore":35,
"imageId":7,
"description":"You have completed your first 100% race in Career or Grand Prix.",
"lockedDescription":"Complete a 100% race in Career or Grand Prix.",
"type":1,
"isRevoked":false,
"timeUnlocked":"2002-11-15 00:00:00",
"imageUnlocked":"http:\/\/image.xboxlive.com\/global\/t.434d084f\/ach\/0\/7"
},
{
"id":7,
"titleId":1129121871,
"name":"You Hit Nothing!",
"sequence":0,
"flags":9,
"unlockedOnline":false,
"unlocked":false,
"isSecret":false,
"platform":255,
"gamerscore":15,
"imageId":8,
"description":"You have completed a Career race without colliding with another car or object.",
"lockedDescription":"Complete a Career race without colliding with another car or object.",
"type":1,
"isRevoked":false,
"timeUnlocked":"2002-11-15 00:00:00",
"imageUnlocked":"http:\/\/image.xboxlive.com\/global\/t.434d084f\/ach\/0\/8"
},
{
"id":8,
"titleId":1129121871,
"name":"Podium Finish",
"sequence":0,
"flags":9,
"unlockedOnline":false,
"unlocked":false,
"isSecret":false,
"platform":255,
"gamerscore":20,
"imageId":9,
"description":"You finished a race in the top three in Career or Season Challenge.",
"lockedDescription":"Finish a race in the top three in Career or Season Challenge.",
"type":1,
"isRevoked":false,
"timeUnlocked":"2002-11-15 00:00:00",
"imageUnlocked":"http:\/\/image.xboxlive.com\/global\/t.434d084f\/ach\/0\/9"
},
{
"id":9,
"titleId":1129121871,
"name":"Who Needs Assists?",
"sequence":0,
"flags":9,
"unlockedOnline":false,
"unlocked":false,
"isSecret":false,
"platform":255,
"gamerscore":15,
"imageId":10,
"description":"You won a race with all driver assists disabled.",
"lockedDescription":"Win a race with all driver assists disabled.",
"type":1,
"isRevoked":false,
"timeUnlocked":"2002-11-15 00:00:00",
"imageUnlocked":"http:\/\/image.xboxlive.com\/global\/t.434d084f\/ach\/0\/a"
},
{
"id":10,
"titleId":1129121871,
"name":"Eyes of the Beholder",
"sequence":0,
"flags":9,
"unlockedOnline":false,
"unlocked":false,
"isSecret":false,
"platform":255,
"gamerscore":20,
"imageId":11,
"description":"You have completed 10 races using only the cockpit camera.",
"lockedDescription":"Complete 10 races using only the cockpit camera.",
"type":1,
"isRevoked":false,
"timeUnlocked":"2002-11-15 00:00:00",
"imageUnlocked":"http:\/\/image.xboxlive.com\/global\/t.434d084f\/ach\/0\/b"
},
{
"id":11,
"titleId":1129121871,
"name":"Pole Position",
"sequence":0,
"flags":9,
"unlockedOnline":false,
"unlocked":false,
"isSecret":false,
"platform":255,
"gamerscore":15,
"imageId":12,
"description":"You have taken pole position in Career.",
"lockedDescription":"Take pole position in Career.",
"type":1,
"isRevoked":false,
"timeUnlocked":"2002-11-15 00:00:00",
"imageUnlocked":"http:\/\/image.xboxlive.com\/global\/t.434d084f\/ach\/0\/c"
},
{
"id":12,
"titleId":1129121871,
"name":"Split Mode Squad",
"sequence":0,
"flags":9,
"unlockedOnline":false,
"unlocked":false,
"isSecret":false,
"platform":255,
"gamerscore":10,
"imageId":13,
"description":"You have completed three races in Split Screen.",
"lockedDescription":"Complete 3 races in Split Screen.",
"type":1,
"isRevoked":false,
"timeUnlocked":"2002-11-15 00:00:00",
"imageUnlocked":"http:\/\/image.xboxlive.com\/global\/t.434d084f\/ach\/0\/d"
},
{
"id":13,
"titleId":1129121871,
"name":"Achiever",
"sequence":0,
"flags":9,
"unlockedOnline":false,
"unlocked":false,
"isSecret":false,
"platform":255,
"gamerscore":20,
"imageId":14,
"description":"You passed all of your objectives over a race weekend in Season Challenge.",
"lockedDescription":"Pass all of your objectives over a race weekend in Season Challenge.",
"type":1,
"isRevoked":false,
"timeUnlocked":"2002-11-15 00:00:00",
"imageUnlocked":"http:\/\/image.xboxlive.com\/global\/t.434d084f\/ach\/0\/e"
},
{
"id":14,
"titleId":1129121871,
"name":"Nemesis",
"sequence":0,
"flags":9,
"unlockedOnline":false,
"unlocked":false,
"isSecret":false,
"platform":255,
"gamerscore":15,
"imageId":15,
"description":"You have beaten your first rival in Season Challenge.",
"lockedDescription":"Beat your first rival in Season Challenge.",
"type":1,
"isRevoked":false,
"timeUnlocked":"2002-11-15 00:00:00",
"imageUnlocked":"http:\/\/image.xboxlive.com\/global\/t.434d084f\/ach\/0\/f"
},
{
"id":15,
"titleId":1129121871,
"name":"Unrivaled",
"sequence":0,
"flags":9,
"unlockedOnline":false,
"unlocked":false,
"isSecret":false,
"platform":255,
"gamerscore":20,
"imageId":16,
"description":"You have beaten four rivals in one season in Season Challenge.",
"lockedDescription":"Beat four rivals in one season in Season Challenge.",
"type":1,
"isRevoked":false,
"timeUnlocked":"2002-11-15 00:00:00",
"imageUnlocked":"http:\/\/image.xboxlive.com\/global\/t.434d084f\/ach\/0\/10"
},
{
"id":16,
"titleId":1129121871,
"name":"Family Ties",
"sequence":0,
"flags":9,
"unlockedOnline":false,
"unlocked":false,
"isSecret":false,
"platform":255,
"gamerscore":15,
"imageId":17,
"description":"You stayed with the same team through the whole season in Season Challenge.",
"lockedDescription":"Stay with the same team through the whole season in Season Challenge.",
"type":1,
"isRevoked":false,
"timeUnlocked":"2002-11-15 00:00:00",
"imageUnlocked":"http:\/\/image.xboxlive.com\/global\/t.434d084f\/ach\/0\/11"
},
{
"id":17,
"titleId":1129121871,
"name":"Back to the Beginning",
"sequence":0,
"flags":9,
"unlockedOnline":false,
"unlocked":false,
"isSecret":false,
"platform":255,
"gamerscore":10,
"imageId":18,
"description":"You returned to your starting team in Season Challenge.",
"lockedDescription":"Return to your starting team in Season Challenge.",
"type":1,
"isRevoked":false,
"timeUnlocked":"2002-11-15 00:00:00",
"imageUnlocked":"http:\/\/image.xboxlive.com\/global\/t.434d084f\/ach\/0\/12"
},
{
"id":18,
"titleId":1129121871,
"name":"Trading Places",
"sequence":0,
"flags":9,
"unlockedOnline":false,
"unlocked":false,
"isSecret":false,
"platform":255,
"gamerscore":20,
"imageId":19,
"description":"You raced for five different teams in Season Challenge in a single season.",
"lockedDescription":"Race for five different teams in Season Challenge in a single season.",
"type":1,
"isRevoked":false,
"timeUnlocked":"2002-11-15 00:00:00",
"imageUnlocked":"http:\/\/image.xboxlive.com\/global\/t.434d084f\/ach\/0\/13"
},
{
"id":19,
"titleId":1129121871,
"name":"Winning!",
"sequence":0,
"flags":9,
"unlockedOnline":false,
"unlocked":false,
"isSecret":false,
"platform":255,
"gamerscore":30,
"imageId":20,
"description":"You have won the Drivers' Championship in Season Challenge.",
"lockedDescription":"Win the Drivers' Championship in Season Challenge.",
"type":1,
"isRevoked":false,
"timeUnlocked":"2002-11-15 00:00:00",
"imageUnlocked":"http:\/\/image.xboxlive.com\/global\/t.434d084f\/ach\/0\/14"
},
{
"id":20,
"titleId":1129121871,
"name":"Hardcore Champion",
"sequence":0,
"flags":9,
"unlockedOnline":false,
"unlocked":false,
"isSecret":false,
"platform":255,
"gamerscore":30,
"imageId":21,
"description":"You have won the Drivers' Championship in Season Challenge on hard difficulty.",
"lockedDescription":"Win the Drivers' Championship in Season Challenge on hard difficulty.",
"type":1,
"isRevoked":false,
"timeUnlocked":"2002-11-15 00:00:00",
"imageUnlocked":"http:\/\/image.xboxlive.com\/global\/t.434d084f\/ach\/0\/15"
},
{
"id":21,
"titleId":1129121871,
"name":"This Time Next Year...",
"sequence":0,
"flags":9,
"unlockedOnline":false,
"unlocked":false,
"isSecret":false,
"platform":255,
"gamerscore":5,
"imageId":22,
"description":"You elected to end R&D on the current seasons car in Career.",
"lockedDescription":"End R&D early on the current seasons car in Career.",
"type":1,
"isRevoked":false,
"timeUnlocked":"2002-11-15 00:00:00",
"imageUnlocked":"http:\/\/image.xboxlive.com\/global\/t.434d084f\/ach\/0\/16"
},
{
"id":22,
"titleId":1129121871,
"name":"Rule the Roost",
"sequence":0,
"flags":9,
"unlockedOnline":false,
"unlocked":false,
"isSecret":false,
"platform":255,
"gamerscore":20,
"imageId":23,
"description":"You set the fastest lap time in every session of a long race weekend in Career.",
"lockedDescription":"Set the fastest lap time in every session of a long race weekend in Career.",
"type":1,
"isRevoked":false,
"timeUnlocked":"2002-11-15 00:00:00",
"imageUnlocked":"http:\/\/image.xboxlive.com\/global\/t.434d084f\/ach\/0\/17"
},
{
"id":23,
"titleId":1129121871,
"name":"Back to Front",
"sequence":0,
"flags":9,
"unlockedOnline":false,
"unlocked":false,
"isSecret":false,
"platform":255,
"gamerscore":20,
"imageId":24,
"description":"You qualified last, but finished first in Career.",
"lockedDescription":"In Career, qualify last, but finish first.",
"type":1,
"isRevoked":false,
"timeUnlocked":"2002-11-15 00:00:00",
"imageUnlocked":"http:\/\/image.xboxlive.com\/global\/t.434d084f\/ach\/0\/18"
},
{
"id":24,
"titleId":1129121871,
"name":"The World is your Oyster",
"sequence":0,
"flags":9,
"unlockedOnline":false,
"unlocked":false,
"isSecret":false,
"platform":255,
"gamerscore":10,
"imageId":25,
"description":"You moved to another team mid-season in Career.",
"lockedDescription":"Move to another team mid-season in Career.",
"type":1,
"isRevoked":false,
"timeUnlocked":"2002-11-15 00:00:00",
"imageUnlocked":"http:\/\/image.xboxlive.com\/global\/t.434d084f\/ach\/0\/19"
},
{
"id":25,
"titleId":1129121871,
"name":"Drivers' World Champion",
"sequence":0,
"flags":9,
"unlockedOnline":false,
"unlocked":false,
"isSecret":false,
"platform":255,
"gamerscore":40,
"imageId":26,
"description":"You have won the Drivers' Championship in Career on any difficulty.",
"lockedDescription":"Win the Drivers' Championship in Career on any difficulty.",
"type":1,
"isRevoked":false,
"timeUnlocked":"2002-11-15 00:00:00",
"imageUnlocked":"http:\/\/image.xboxlive.com\/global\/t.434d084f\/ach\/0\/1a"
},
{
"id":26,
"titleId":1129121871,
"name":"Constructors' World Champion",
"sequence":0,
"flags":9,
"unlockedOnline":false,
"unlocked":false,
"isSecret":false,
"platform":255,
"gamerscore":40,
"imageId":27,
"description":"You have won the Constructors' Championship in Career.",
"lockedDescription":"Win the Constructors' Championship in Career.",
"type":1,
"isRevoked":false,
"timeUnlocked":"2002-11-15 00:00:00",
"imageUnlocked":"http:\/\/image.xboxlive.com\/global\/t.434d084f\/ach\/0\/1b"
},
{
"id":27,
"titleId":1129121871,
"name":"Five Star Rating",
"sequence":0,
"flags":9,
"unlockedOnline":false,
"unlocked":false,
"isSecret":false,
"platform":255,
"gamerscore":20,
"imageId":28,
"description":"You have set clean lap times at 5 different circuits in Time Trial.",
"lockedDescription":"Set clean lap times at 5 different circuits in Time Trial.",
"type":1,
"isRevoked":false,
"timeUnlocked":"2002-11-15 00:00:00",
"imageUnlocked":"http:\/\/image.xboxlive.com\/global\/t.434d084f\/ach\/0\/1c"
},
{
"id":28,
"titleId":1129121871,
"name":"Times are Good",
"sequence":0,
"flags":9,
"unlockedOnline":false,
"unlocked":false,
"isSecret":false,
"platform":255,
"gamerscore":20,
"imageId":29,
"description":"You have posted a time in all of the Time Attack scenarios.",
"lockedDescription":"Post a time in all of the Time Attack scenarios.",
"type":1,
"isRevoked":false,
"timeUnlocked":"2002-11-15 00:00:00",
"imageUnlocked":"http:\/\/image.xboxlive.com\/global\/t.434d084f\/ach\/0\/1d"
},
{
"id":29,
"titleId":1129121871,
"name":"Gold Fever",
"sequence":0,
"flags":9,
"unlockedOnline":false,
"unlocked":false,
"isSecret":false,
"platform":255,
"gamerscore":50,
"imageId":30,
"description":"You have earned a gold medal in all of the Time Attack scenarios.",
"lockedDescription":"Earn a gold medal in all of the Time Attack scenarios.",
"type":1,
"isRevoked":false,
"timeUnlocked":"2002-11-15 00:00:00",
"imageUnlocked":"http:\/\/image.xboxlive.com\/global\/t.434d084f\/ach\/0\/1e"
},
{
"id":30,
"titleId":1129121871,
"name":"Medal of Honour",
"sequence":0,
"flags":9,
"unlockedOnline":false,
"unlocked":false,
"isSecret":false,
"platform":255,
"gamerscore":10,
"imageId":31,
"description":"You have earned a medal in Scenario Mode.",
"lockedDescription":"Earn a medal in Scenario Mode.",
"type":1,
"isRevoked":false,
"timeUnlocked":"2002-11-15 00:00:00",
"imageUnlocked":"http:\/\/image.xboxlive.com\/global\/t.434d084f\/ach\/0\/1f"
},
{
"id":31,
"titleId":1129121871,
"name":"Gold Digger",
"sequence":0,
"flags":9,
"unlockedOnline":false,
"unlocked":false,
"isSecret":false,
"platform":255,
"gamerscore":50,
"imageId":32,
"description":"You have earned a gold medal in all scenarios in Scenario Mode.",
"lockedDescription":"Earn a gold medal in every scenario in Scenario Mode.",
"type":1,
"isRevoked":false,
"timeUnlocked":"2002-11-15 00:00:00",
"imageUnlocked":"http:\/\/image.xboxlive.com\/global\/t.434d084f\/ach\/0\/20"
},
{
"id":32,
"titleId":1129121871,
"name":"Co-op Drivers' World Champion",
"sequence":0,
"flags":9,
"unlockedOnline":false,
"unlocked":false,
"isSecret":false,
"platform":255,
"gamerscore":40,
"imageId":33,
"description":"You have won the Drivers' Championship in Co-op.",
"lockedDescription":"Win the Drivers' Championship in Co-op.",
"type":1,
"isRevoked":false,
"timeUnlocked":"2002-11-15 00:00:00",
"imageUnlocked":"http:\/\/image.xboxlive.com\/global\/t.434d084f\/ach\/0\/21"
},
{
"id":33,
"titleId":1129121871,
"name":"There's No \"I\" in Team",
"sequence":0,
"flags":9,
"unlockedOnline":false,
"unlocked":false,
"isSecret":false,
"platform":255,
"gamerscore":35,
"imageId":34,
"description":"You have won the Constructors' Championship in Co-op.",
"lockedDescription":"Win the Constructors' Championship in Co-op.",
"type":1,
"isRevoked":false,
"timeUnlocked":"2002-11-15 00:00:00",
"imageUnlocked":"http:\/\/image.xboxlive.com\/global\/t.434d084f\/ach\/0\/22"
},
{
"id":34,
"titleId":1129121871,
"name":"Online Addiction",
"sequence":0,
"flags":9,
"unlockedOnline":false,
"unlocked":false,
"isSecret":false,
"platform":255,
"gamerscore":35,
"imageId":35,
"description":"You have completed 25 races online.",
"lockedDescription":"Complete 25 online races.",
"type":1,
"isRevoked":false,
"timeUnlocked":"2002-11-15 00:00:00",
"imageUnlocked":"http:\/\/image.xboxlive.com\/global\/t.434d084f\/ach\/0\/23"
},
{
"id":35,
"titleId":1129121871,
"name":"Online Obsession",
"sequence":0,
"flags":9,
"unlockedOnline":false,
"unlocked":false,
"isSecret":false,
"platform":255,
"gamerscore":35,
"imageId":36,
"description":"You have completed 50 races online.",
"lockedDescription":"Complete 50 online races.",
"type":1,
"isRevoked":false,
"timeUnlocked":"2002-11-15 00:00:00",
"imageUnlocked":"http:\/\/image.xboxlive.com\/global\/t.434d084f\/ach\/0\/24"
},
{
"id":36,
"titleId":1129121871,
"name":"Tried and Tested",
"sequence":0,
"flags":9,
"unlockedOnline":false,
"unlocked":false,
"isSecret":false,
"platform":255,
"gamerscore":30,
"imageId":37,
"description":"You have set a clean lap time for all circuits in Time Trial.",
"lockedDescription":"Set a clean lap time for all circuits in Time Trial.",
"type":1,
"isRevoked":false,
"timeUnlocked":"2002-11-15 00:00:00",
"imageUnlocked":"http:\/\/image.xboxlive.com\/global\/t.434d084f\/ach\/0\/25"
},
{
"id":37,
"titleId":1129121871,
"name":"My Saviour",
"sequence":0,
"flags":9,
"unlockedOnline":false,
"unlocked":false,
"isSecret":false,
"platform":255,
"gamerscore":5,
"imageId":38,
"description":"You have performed a Mid-Session Save. ",
"lockedDescription":"Perform a Mid-Session Save.",
"type":1,
"isRevoked":false,
"timeUnlocked":"2002-11-15 00:00:00",
"imageUnlocked":"http:\/\/image.xboxlive.com\/global\/t.434d084f\/ach\/0\/26"
},
{
"id":38,
"titleId":1129121871,
"name":"Rookies and Cream",
"sequence":0,
"flags":9,
"unlockedOnline":false,
"unlocked":false,
"isSecret":false,
"platform":255,
"gamerscore":15,
"imageId":39,
"description":"You earned a medal in each scenario of Rookie Driver in Scenario Mode.",
"lockedDescription":"Earn a medal in each scenario of Rookie Driver in Scenario Mode.",
"type":1,
"isRevoked":false,
"timeUnlocked":"2002-11-15 00:00:00",
"imageUnlocked":"http:\/\/image.xboxlive.com\/global\/t.434d084f\/ach\/0\/27"
},
{
"id":39,
"titleId":1129121871,
"name":"Showdown",
"sequence":0,
"flags":9,
"unlockedOnline":false,
"unlocked":false,
"isSecret":false,
"platform":255,
"gamerscore":15,
"imageId":40,
"description":"You earned a medal in each scenario of Team Mate Challenge in Scenario Mode.",
"lockedDescription":"Earn a medal in each scenario of Team Mate Challenge in Scenario Mode.",
"type":1,
"isRevoked":false,
"timeUnlocked":"2002-11-15 00:00:00",
"imageUnlocked":"http:\/\/image.xboxlive.com\/global\/t.434d084f\/ach\/0\/28"
},
{
"id":40,
"titleId":1129121871,
"name":"Driven",
"sequence":0,
"flags":9,
"unlockedOnline":false,
"unlocked":false,
"isSecret":false,
"platform":255,
"gamerscore":20,
"imageId":41,
"description":"You earned a medal in each scenario of Drivers' Championship in Scenario Mode.",
"lockedDescription":"Earn a medal in each scenario of Drivers' Championship in Scenario Mode. ",
"type":1,
"isRevoked":false,
"timeUnlocked":"2002-11-15 00:00:00",
"imageUnlocked":"http:\/\/image.xboxlive.com\/global\/t.434d084f\/ach\/0\/29"
},
{
"id":41,
"titleId":1129121871,
"name":"The Good Old Days",
"sequence":0,
"flags":9,
"unlockedOnline":false,
"unlocked":false,
"isSecret":false,
"platform":255,
"gamerscore":25,
"imageId":42,
"description":"You earned a medal in each scenario of Final Year in Scenario Mode.",
"lockedDescription":"Earn a medal in each scenario of Final Year in Scenario Mode.",
"type":1,
"isRevoked":false,
"timeUnlocked":"2002-11-15 00:00:00",
"imageUnlocked":"http:\/\/image.xboxlive.com\/global\/t.434d084f\/ach\/0\/2a"
},
{
"id":43,
"titleId":1129121871,
"name":"Training Day",
"sequence":46,
"flags":1245193,
"unlockedOnline":true,
"unlocked":true,
"isSecret":false,
"platform":1,
"gamerscore":10,
"imageId":44,
"description":"You have completed all Day 1 tests in the Young Drivers Test.",
"lockedDescription":"Complete all Day 1 tests in the Young Drivers Test.",
"type":1,
"isRevoked":false,
"timeUnlocked":"2015-05-23 23:26:55",
"imageUnlocked":"http:\/\/image.xboxlive.com\/global\/t.434d084f\/ach\/0\/2c"
},
{
"id":45,
"titleId":1129121871,
"name":"A Break from Testing",
"sequence":0,
"flags":9,
"unlockedOnline":false,
"unlocked":false,
"isSecret":false,
"platform":255,
"gamerscore":20,
"imageId":45,
"description":"You have won an online race with a car from the Classic 80's at Jerez.",
"lockedDescription":"Win an Online Race with any car from the Classic 80's at Jerez.",
"type":1,
"isRevoked":false,
"timeUnlocked":"2002-11-15 00:00:00",
"imageUnlocked":"http:\/\/image.xboxlive.com\/global\/t.434d084f\/ach\/0\/2d"
},
{
"id":46,
"titleId":1129121871,
"name":"These cars are Laud!",
"sequence":0,
"flags":9,
"unlockedOnline":false,
"unlocked":false,
"isSecret":false,
"platform":255,
"gamerscore":25,
"imageId":46,
"description":"You have set clean laps at Brands Hatch and Jerez in Time Trial with the Ferrari 312 T2.",
"lockedDescription":"Set a clean lap at Brands Hatch and Jerez in Time Trial with the Ferrari 312 T2.",
"type":1,
"isRevoked":false,
"timeUnlocked":"2002-11-15 00:00:00",
"imageUnlocked":"http:\/\/image.xboxlive.com\/global\/t.434d084f\/ach\/0\/2e"
},
{
"id":47,
"titleId":1129121871,
"name":"Always Believe in Yourself",
"sequence":0,
"flags":9,
"unlockedOnline":false,
"unlocked":false,
"isSecret":false,
"platform":255,
"gamerscore":30,
"imageId":47,
"description":"You have achieved gold in the Time Attack Classic 80's challenge.",
"lockedDescription":"Achieve gold in the Time Attack Classic 80's challenge.",
"type":1,
"isRevoked":false,
"timeUnlocked":"2002-11-15 00:00:00",
"imageUnlocked":"http:\/\/image.xboxlive.com\/global\/t.434d084f\/ach\/0\/2f"
}
]