[
	{
		"id":2533274841090548,
		"hostId":null,
		"Gamertag":"ChosenEternal",
		"GameDisplayName":"ChosenEternal",
		"AppDisplayName":"ChosenEternal",
		"Gamerscore":46240,
		"GameDisplayPicRaw":"http:\/\/images-eds.xboxlive.com\/image?url=mHGRD8KXEf2sp2LC58XhBQKNl2IWRp.J.q8mSURKUUeQDtobyN5xmswIs1qggzrwnOY88S_mtORuTfizqf2K3HvhzGdn0oKpklQmrJULJUw-&background=0xababab&format=png",
		"AppDisplayPicRaw":"http:\/\/images-eds.xboxlive.com\/image?url=mHGRD8KXEf2sp2LC58XhBQKNl2IWRp.J.q8mSURKUUeQDtobyN5xmswIs1qggzrwnOY88S_mtORuTfizqf2K3HvhzGdn0oKpklQmrJULJUw-&background=0xababab&format=png",
		"AccountTier":"Gold",
		"XboxOneRep":"GoodPlayer",
		"PreferredColor":"http:\/\/dlassets.xboxlive.com\/public\/content\/ppl\/colors\/00000.json ",
		"TenureLevel":4,
		"isSponsoredUser":false
	},
	{
		"id":2535427261078943,
		"hostId":null,
		"Gamertag":"Ericwolf BR60",
		"GameDisplayName":"Ericwolf BR60",
		"AppDisplayName":"Ericwolf BR60",
		"Gamerscore":815,
		"GameDisplayPicRaw":"http:\/\/images-eds.xboxlive.com\/image?url=z951ykn43p4FqWbbFvR2Ec.8vbDhj8G2Xe7JngaTToBrrCmIEEXHC9UNrdJ6P7KIwuPiuIs6TLDV4WsQAGzSwnTHQB9h_UfPa19pe4OAgFTWAPsXVneopydpL6qncU1N&format=png",
		"AppDisplayPicRaw":"http:\/\/images-eds.xboxlive.com\/image?url=z951ykn43p4FqWbbFvR2Ec.8vbDhj8G2Xe7JngaTToBrrCmIEEXHC9UNrdJ6P7KIwuPiuIs6TLDV4WsQAGzSwnTHQB9h_UfPa19pe4OAgFTWAPsXVneopydpL6qncU1N&format=png",
		"AccountTier":"Gold",
		"XboxOneRep":"GoodPlayer",
		"PreferredColor":"http:\/\/dlassets.xboxlive.com\/public\/content\/ppl\/colors\/00000.json ",
		"TenureLevel":0,
		"isSponsoredUser":false
	},
	{
		"id":2533274887119271,
		"hostId":null,
		"Gamertag":"PH0T0GUY",
		"GameDisplayName":"PH0T0GUY",
		"AppDisplayName":"PH0T0GUY",
		"Gamerscore":8205,
		"GameDisplayPicRaw":"http:\/\/images-eds.xboxlive.com\/image?url=rwljod2fPqLqGP3DBV9F_yK9iuxAt3_MH6tcOnQXTc8txtWlJPJ9ZfBnBApVbF4hQBAh9WAH8R1Ho5NK6uIIc0koe3wGR4yz4RsETod_9RU-&background=0xababab&format=png",
		"AppDisplayPicRaw":"http:\/\/images-eds.xboxlive.com\/image?url=rwljod2fPqLqGP3DBV9F_yK9iuxAt3_MH6tcOnQXTc8txtWlJPJ9ZfBnBApVbF4hQBAh9WAH8R1Ho5NK6uIIc0koe3wGR4yz4RsETod_9RU-&background=0xababab&format=png",
		"AccountTier":"Gold",
		"XboxOneRep":"GoodPlayer",
		"PreferredColor":"http:\/\/dlassets.xboxlive.com\/public\/content\/ppl\/colors\/00000.json ",
		"TenureLevel":3,
		"isSponsoredUser":false
	},
	{
		"id":2533274882393325,
		"hostId":null,
		"Gamertag":"xSilver Badger",
		"GameDisplayName":"xSilver Badger",
		"AppDisplayName":"xSilver Badger",
		"Gamerscore":6500,
		"GameDisplayPicRaw":"http:\/\/images-eds.xboxlive.com\/image?url=mHGRD8KXEf2sp2LC58XhBQKNl2IWRp.J.q8mSURKUUeqgTjzIAGfGdWzj.yAhJicF59kp_MIFUZyLHCYDCPt7svncjZW6LEdxW2i720RzRs-&background=0xababab&format=png",
		"AppDisplayPicRaw":"http:\/\/images-eds.xboxlive.com\/image?url=mHGRD8KXEf2sp2LC58XhBQKNl2IWRp.J.q8mSURKUUeqgTjzIAGfGdWzj.yAhJicF59kp_MIFUZyLHCYDCPt7svncjZW6LEdxW2i720RzRs-&background=0xababab&format=png",
		"AccountTier":"Gold",
		"XboxOneRep":"GoodPlayer",
		"PreferredColor":"http:\/\/dlassets.xboxlive.com\/public\/content\/ppl\/colors\/00000.json ",
		"TenureLevel":3,
		"isSponsoredUser":false
	},
	{
		"id":2535426656661300,
		"hostId":null,
		"Gamertag":"KING COBRA42033",
		"GameDisplayName":"KING COBRA42033",
		"AppDisplayName":"KING COBRA42033",
		"Gamerscore":2310,
		"GameDisplayPicRaw":"http:\/\/images-eds.xboxlive.com\/image?url=z951ykn43p4FqWbbFvR2Ec.8vbDhj8G2Xe7JngaTToBrrCmIEEXHC9UNrdJ6P7KIoIeJ1sl4QgwrJRGcdRHOCj5eLmw8RcR_PrRIdLBkQlUyEVxmmKtLAqCcs7lEm0ow&format=png",
		"AppDisplayPicRaw":"http:\/\/images-eds.xboxlive.com\/image?url=z951ykn43p4FqWbbFvR2Ec.8vbDhj8G2Xe7JngaTToBrrCmIEEXHC9UNrdJ6P7KIoIeJ1sl4QgwrJRGcdRHOCj5eLmw8RcR_PrRIdLBkQlUyEVxmmKtLAqCcs7lEm0ow&format=png",
		"AccountTier":"Gold",
		"XboxOneRep":"GoodPlayer",
		"PreferredColor":"http:\/\/dlassets.xboxlive.com\/public\/content\/ppl\/colors\/00000.json ",
		"TenureLevel":1,
		"isSponsoredUser":false
	},
	{
		"id":2535447420638333,
		"hostId":null,
		"Gamertag":"WallyMon69",
		"GameDisplayName":"WallyMon69",
		"AppDisplayName":"WallyMon69",
		"Gamerscore":9290,
		"GameDisplayPicRaw":"http:\/\/images-eds.xboxlive.com\/image?url=z951ykn43p4FqWbbFvR2Ec.8vbDhj8G2Xe7JngaTToBrrCmIEEXHC9UNrdJ6P7KIU9bcRvGYJAQotfisIC8nP2R3gKqd4PBnjXV9fDp5BlAEiV273wAV8SJGKuIPGCfC&format=png",
		"AppDisplayPicRaw":"http:\/\/images-eds.xboxlive.com\/image?url=z951ykn43p4FqWbbFvR2Ec.8vbDhj8G2Xe7JngaTToBrrCmIEEXHC9UNrdJ6P7KIU9bcRvGYJAQotfisIC8nP2R3gKqd4PBnjXV9fDp5BlAEiV273wAV8SJGKuIPGCfC&format=png",
		"AccountTier":"Gold",
		"XboxOneRep":"GoodPlayer",
		"PreferredColor":"http:\/\/dlassets.xboxlive.com\/public\/content\/ppl\/colors\/00000.json ",
		"TenureLevel":0,
		"isSponsoredUser":false
	},
	{
		"id":2533274815543292,
		"hostId":null,
		"Gamertag":"jakebme",
		"GameDisplayName":"jakebme",
		"AppDisplayName":"jakebme",
		"Gamerscore":9270,
		"GameDisplayPicRaw":"http:\/\/images-eds.xboxlive.com\/image?url=mHGRD8KXEf2sp2LC58XhBQKNl2IWRp.J.q8mSURKUUeQDtobyN5xmswIs1qggzrwvT35NbWtal4mQ.GbTlDfnKsqhhTjfoVdSADgqTNSCw0-&background=0xababab&format=png",
		"AppDisplayPicRaw":"http:\/\/images-eds.xboxlive.com\/image?url=mHGRD8KXEf2sp2LC58XhBQKNl2IWRp.J.q8mSURKUUeQDtobyN5xmswIs1qggzrwvT35NbWtal4mQ.GbTlDfnKsqhhTjfoVdSADgqTNSCw0-&background=0xababab&format=png",
		"AccountTier":"Gold",
		"XboxOneRep":"GoodPlayer",
		"PreferredColor":"http:\/\/dlassets.xboxlive.com\/public\/content\/ppl\/colors\/00000.json ",
		"TenureLevel":1,
		"isSponsoredUser":false
	},
	{
		"id":2533274950964830,
		"hostId":null,
		"Gamertag":"sump102",
		"GameDisplayName":"sump102",
		"AppDisplayName":"sump102",
		"Gamerscore":9873,
		"GameDisplayPicRaw":"http:\/\/images-eds.xboxlive.com\/image?url=mHGRD8KXEf2sp2LC58XhBQKNl2IWRp.J.q8mSURKUUcMGMHZNQ_fwD8UZRapvdgDlTz2ZcmwMe.LX.t73JTePQMClSOaewSKYIXIIJLzeXk-&background=0xababab&format=png",
		"AppDisplayPicRaw":"http:\/\/images-eds.xboxlive.com\/image?url=mHGRD8KXEf2sp2LC58XhBQKNl2IWRp.J.q8mSURKUUcMGMHZNQ_fwD8UZRapvdgDlTz2ZcmwMe.LX.t73JTePQMClSOaewSKYIXIIJLzeXk-&background=0xababab&format=png",
		"AccountTier":"Gold",
		"XboxOneRep":"GoodPlayer",
		"PreferredColor":"http:\/\/dlassets.xboxlive.com\/public\/content\/ppl\/colors\/00000.json ",
		"TenureLevel":1,
		"isSponsoredUser":false
	},
	{
		"id":2533275015834424,
		"hostId":null,
		"Gamertag":"Brian0900",
		"GameDisplayName":"Brian0900",
		"AppDisplayName":"Brian0900",
		"Gamerscore":3065,
		"GameDisplayPicRaw":"http:\/\/images-eds.xboxlive.com\/image?url=rwljod2fPqLqGP3DBV9F_yK9iuxAt3_MH6tcOnQXTc8fuvRa3OtSOq7CCiunzK.e_vDNxPj5_u5GhGkThIv2N.YWdD3K.r0LoYSN2nI0AXw-&background=0xababab&format=png",
		"AppDisplayPicRaw":"http:\/\/images-eds.xboxlive.com\/image?url=rwljod2fPqLqGP3DBV9F_yK9iuxAt3_MH6tcOnQXTc8fuvRa3OtSOq7CCiunzK.e_vDNxPj5_u5GhGkThIv2N.YWdD3K.r0LoYSN2nI0AXw-&background=0xababab&format=png",
		"AccountTier":"Gold",
		"XboxOneRep":"GoodPlayer",
		"PreferredColor":"http:\/\/dlassets.xboxlive.com\/public\/content\/ppl\/colors\/00000.json ",
		"TenureLevel":0,
		"isSponsoredUser":false
	},
	{
		"id":2533274935504202,
		"hostId":null,
		"Gamertag":"SadisticMuffins",
		"GameDisplayName":"SadisticMuffins",
		"AppDisplayName":"SadisticMuffins",
		"Gamerscore":14635,
		"GameDisplayPicRaw":"http:\/\/images-eds.xboxlive.com\/image?url=mHGRD8KXEf2sp2LC58XhBQKNl2IWRp.J.q8mSURKUUdYoQ8Tp3qp2K56uSh0aEq8oPceI9YNWRc1TLd4oOzTVfJFSp.l4WXlBB6qnn6OLzE-&background=0xababab&format=png",
		"AppDisplayPicRaw":"http:\/\/images-eds.xboxlive.com\/image?url=mHGRD8KXEf2sp2LC58XhBQKNl2IWRp.J.q8mSURKUUdYoQ8Tp3qp2K56uSh0aEq8oPceI9YNWRc1TLd4oOzTVfJFSp.l4WXlBB6qnn6OLzE-&background=0xababab&format=png",
		"AccountTier":"Gold",
		"XboxOneRep":"GoodPlayer",
		"PreferredColor":"http:\/\/dlassets.xboxlive.com\/public\/content\/ppl\/colors\/00000.json ",
		"TenureLevel":2,
		"isSponsoredUser":false
	},
	{
		"id":2533274866068196,
		"hostId":null,
		"Gamertag":"REYZIR",
		"GameDisplayName":"REYZIR",
		"AppDisplayName":"REYZIR",
		"Gamerscore":11096,
		"GameDisplayPicRaw":"http:\/\/images-eds.xboxlive.com\/image?url=mHGRD8KXEf2sp2LC58XhBQKNl2IWRp.J.q8mSURKUUf667.FHUmB76KgaIrabUQoU6u_n5Bw6zQmpqE4AjY2MqAukuLXNIEj3jKzkqtsYwE-&background=0xababab&format=png",
		"AppDisplayPicRaw":"http:\/\/images-eds.xboxlive.com\/image?url=mHGRD8KXEf2sp2LC58XhBQKNl2IWRp.J.q8mSURKUUf667.FHUmB76KgaIrabUQoU6u_n5Bw6zQmpqE4AjY2MqAukuLXNIEj3jKzkqtsYwE-&background=0xababab&format=png",
		"AccountTier":"Gold",
		"XboxOneRep":"GoodPlayer",
		"PreferredColor":"http:\/\/dlassets.xboxlive.com\/public\/content\/ppl\/colors\/00000.json ",
		"TenureLevel":2,
		"isSponsoredUser":false
	},
	{
		"id":2533274942611388,
		"hostId":null,
		"Gamertag":"KenN FurY",
		"GameDisplayName":"KenN FurY",
		"AppDisplayName":"KenN FurY",
		"Gamerscore":15290,
		"GameDisplayPicRaw":"http:\/\/images-eds.xboxlive.com\/image?url=mHGRD8KXEf2sp2LC58XhBQKNl2IWRp.J.q8mSURKUUeQDtobyN5xmswIs1qggzrwXftqPGZ5iMEjtO1DG_2AMYD4GXJq5bvQ2sqk2Rkcu2o-&background=0xababab&format=png",
		"AppDisplayPicRaw":"http:\/\/images-eds.xboxlive.com\/image?url=mHGRD8KXEf2sp2LC58XhBQKNl2IWRp.J.q8mSURKUUeQDtobyN5xmswIs1qggzrwXftqPGZ5iMEjtO1DG_2AMYD4GXJq5bvQ2sqk2Rkcu2o-&background=0xababab&format=png",
		"AccountTier":"Gold",
		"XboxOneRep":"GoodPlayer",
		"PreferredColor":"http:\/\/dlassets.xboxlive.com\/public\/content\/ppl\/colors\/00000.json ",
		"TenureLevel":2,
		"isSponsoredUser":false
	},
	{
		"id":2535441396851259,
		"hostId":null,
		"Gamertag":"dubbedd",
		"GameDisplayName":"dubbedd",
		"AppDisplayName":"dubbedd",
		"Gamerscore":2725,
		"GameDisplayPicRaw":"http:\/\/images-eds.xboxlive.com\/image?url=z951ykn43p4FqWbbFvR2Ec.8vbDhj8G2Xe7JngaTToBrrCmIEEXHC9UNrdJ6P7KIoIeJ1sl4QgwrJRGcdRHOCj5eLmw8RcR_PrRIdLBkQlUyEVxmmKtLAqCcs7lEm0ow&format=png",
		"AppDisplayPicRaw":"http:\/\/images-eds.xboxlive.com\/image?url=z951ykn43p4FqWbbFvR2Ec.8vbDhj8G2Xe7JngaTToBrrCmIEEXHC9UNrdJ6P7KIoIeJ1sl4QgwrJRGcdRHOCj5eLmw8RcR_PrRIdLBkQlUyEVxmmKtLAqCcs7lEm0ow&format=png",
		"AccountTier":"Gold",
		"XboxOneRep":"GoodPlayer",
		"PreferredColor":"http:\/\/dlassets.xboxlive.com\/public\/content\/ppl\/colors\/00000.json ",
		"TenureLevel":1,
		"isSponsoredUser":false
	},
	{
		"id":2533274828860688,
		"hostId":null,
		"Gamertag":"xxSOULKRUSHERxx",
		"GameDisplayName":"xxSOULKRUSHERxx",
		"AppDisplayName":"xxSOULKRUSHERxx",
		"Gamerscore":15245,
		"GameDisplayPicRaw":"http:\/\/images-eds.xboxlive.com\/image?url=rwljod2fPqLqGP3DBV9F_yK9iuxAt3_MH6tcOnQXTc.ipx0U_EX0wom4jmr7.F66BvLUoglDsiV6cDjxcw1bu5lDWXaQ6kbQH7iOc8tsWvg-&background=0xababab&format=png",
		"AppDisplayPicRaw":"http:\/\/images-eds.xboxlive.com\/image?url=rwljod2fPqLqGP3DBV9F_yK9iuxAt3_MH6tcOnQXTc.ipx0U_EX0wom4jmr7.F66BvLUoglDsiV6cDjxcw1bu5lDWXaQ6kbQH7iOc8tsWvg-&background=0xababab&format=png",
		"AccountTier":"Gold",
		"XboxOneRep":"GoodPlayer",
		"PreferredColor":"http:\/\/dlassets.xboxlive.com\/public\/content\/ppl\/colors\/00000.json ",
		"TenureLevel":6,
		"isSponsoredUser":false
	},
	{
		"id":2533274949585862,
		"hostId":null,
		"Gamertag":"TeacherWhoMe",
		"GameDisplayName":"TeacherWhoMe",
		"AppDisplayName":"TeacherWhoMe",
		"Gamerscore":12820,
		"GameDisplayPicRaw":"http:\/\/images-eds.xboxlive.com\/image?url=rwljod2fPqLqGP3DBV9F_yK9iuxAt3_MH6tcOnQXTc.eO.oIjtVQFKv86s76cvBqdIRTKh3AuyX69io4J6JZ7IVSrCEJLub2iIvTnbsHY4U-&background=0xababab&format=png",
		"AppDisplayPicRaw":"http:\/\/images-eds.xboxlive.com\/image?url=rwljod2fPqLqGP3DBV9F_yK9iuxAt3_MH6tcOnQXTc.eO.oIjtVQFKv86s76cvBqdIRTKh3AuyX69io4J6JZ7IVSrCEJLub2iIvTnbsHY4U-&background=0xababab&format=png",
		"AccountTier":"Gold",
		"XboxOneRep":"GoodPlayer",
		"PreferredColor":"http:\/\/dlassets.xboxlive.com\/public\/content\/ppl\/colors\/00000.json ",
		"TenureLevel":2,
		"isSponsoredUser":false
	},
	{
		"id":2533275014719052,
		"hostId":null,
		"Gamertag":"MuTT 18CV",
		"GameDisplayName":"MuTT 18CV",
		"AppDisplayName":"MuTT 18CV",
		"Gamerscore":3480,
		"GameDisplayPicRaw":"http:\/\/images-eds.xboxlive.com\/image?url=mHGRD8KXEf2sp2LC58XhBQKNl2IWRp.J.q8mSURKUUfyEAvbbpqlKgIhoZJODb8ME9UQ8jJspb7oaoNqe3czy9YSTD3Hsz8odPIq64weRA4-&background=0xababab&format=png",
		"AppDisplayPicRaw":"http:\/\/images-eds.xboxlive.com\/image?url=mHGRD8KXEf2sp2LC58XhBQKNl2IWRp.J.q8mSURKUUfyEAvbbpqlKgIhoZJODb8ME9UQ8jJspb7oaoNqe3czy9YSTD3Hsz8odPIq64weRA4-&background=0xababab&format=png",
		"AccountTier":"Gold",
		"XboxOneRep":"GoodPlayer",
		"PreferredColor":"http:\/\/dlassets.xboxlive.com\/public\/content\/ppl\/colors\/00000.json ",
		"TenureLevel":1,
		"isSponsoredUser":false
	},
	{
		"id":2533274815541874,
		"hostId":null,
		"Gamertag":"HalfBaKeDRabiT",
		"GameDisplayName":"HalfBaKeDRabiT",
		"AppDisplayName":"HalfBaKeDRabiT",
		"Gamerscore":16460,
		"GameDisplayPicRaw":"http:\/\/images-eds.xboxlive.com\/image?url=mHGRD8KXEf2sp2LC58XhBQKNl2IWRp.J.q8mSURKUUeQDtobyN5xmswIs1qggzrwFS9xG3ykQXHBD2DtGI_xdz8s0aJ8U6VSaIb0L3dnNeQ-&background=0xababab&format=png",
		"AppDisplayPicRaw":"http:\/\/images-eds.xboxlive.com\/image?url=mHGRD8KXEf2sp2LC58XhBQKNl2IWRp.J.q8mSURKUUeQDtobyN5xmswIs1qggzrwFS9xG3ykQXHBD2DtGI_xdz8s0aJ8U6VSaIb0L3dnNeQ-&background=0xababab&format=png",
		"AccountTier":"Gold",
		"XboxOneRep":"GoodPlayer",
		"PreferredColor":"http:\/\/dlassets.xboxlive.com\/public\/content\/ppl\/colors\/00000.json ",
		"TenureLevel":6,
		"isSponsoredUser":false
	},
	{
		"id":2535437917283365,
		"hostId":null,
		"Gamertag":"MrMaC665",
		"GameDisplayName":"MrMaC665",
		"AppDisplayName":"MrMaC665",
		"Gamerscore":5267,
		"GameDisplayPicRaw":"http:\/\/images-eds.xboxlive.com\/image?url=z951ykn43p4FqWbbFvR2Ec.8vbDhj8G2Xe7JngaTToBrrCmIEEXHC9UNrdJ6P7KIoIeJ1sl4QgwrJRGcdRHOCj5eLmw8RcR_PrRIdLBkQlUyEVxmmKtLAqCcs7lEm0ow&format=png",
		"AppDisplayPicRaw":"http:\/\/images-eds.xboxlive.com\/image?url=z951ykn43p4FqWbbFvR2Ec.8vbDhj8G2Xe7JngaTToBrrCmIEEXHC9UNrdJ6P7KIoIeJ1sl4QgwrJRGcdRHOCj5eLmw8RcR_PrRIdLBkQlUyEVxmmKtLAqCcs7lEm0ow&format=png",
		"AccountTier":"Silver",
		"XboxOneRep":"GoodPlayer",
		"PreferredColor":"http:\/\/dlassets.xboxlive.com\/public\/content\/ppl\/colors\/00000.json ",
		"TenureLevel":0,
		"isSponsoredUser":false
	},
	{
		"id":2690766741661265,
		"hostId":null,
		"Gamertag":"ICRIPPLEKATS",
		"GameDisplayName":"ICRIPPLEKATS",
		"AppDisplayName":"ICRIPPLEKATS",
		"Gamerscore":22935,
		"GameDisplayPicRaw":"http:\/\/images-eds.xboxlive.com\/image?url=mHGRD8KXEf2sp2LC58XhBQKNl2IWRp.J.q8mSURKUUcC6BFrInPygAKrHP7tdg52wejMtFMS32dfFESde5qCorWDNl2bmk43XwbfhKVVKH0-&background=0xababab&format=png",
		"AppDisplayPicRaw":"http:\/\/images-eds.xboxlive.com\/image?url=mHGRD8KXEf2sp2LC58XhBQKNl2IWRp.J.q8mSURKUUcC6BFrInPygAKrHP7tdg52wejMtFMS32dfFESde5qCorWDNl2bmk43XwbfhKVVKH0-&background=0xababab&format=png",
		"AccountTier":"Gold",
		"XboxOneRep":"GoodPlayer",
		"PreferredColor":"http:\/\/dlassets.xboxlive.com\/public\/content\/ppl\/colors\/00000.json ",
		"TenureLevel":10,
		"isSponsoredUser":false
	},
	{
		"id":2533274991209096,
		"hostId":null,
		"Gamertag":"CageJunkie",
		"GameDisplayName":"CageJunkie",
		"AppDisplayName":"CageJunkie",
		"Gamerscore":11275,
		"GameDisplayPicRaw":"http:\/\/images-eds.xboxlive.com\/image?url=z951ykn43p4FqWbbFvR2Ec.8vbDhj8G2Xe7JngaTToBrrCmIEEXHC9UNrdJ6P7KIU5Sj_1hNZHeOVzbgzVj2gqhAucGmD7yqmRY53oMwuFoXrCM8lNFhGF2bOutDbsR0&format=png",
		"AppDisplayPicRaw":"http:\/\/images-eds.xboxlive.com\/image?url=z951ykn43p4FqWbbFvR2Ec.8vbDhj8G2Xe7JngaTToBrrCmIEEXHC9UNrdJ6P7KIU5Sj_1hNZHeOVzbgzVj2gqhAucGmD7yqmRY53oMwuFoXrCM8lNFhGF2bOutDbsR0&format=png",
		"AccountTier":"Gold",
		"XboxOneRep":"GoodPlayer",
		"PreferredColor":"http:\/\/dlassets.xboxlive.com\/public\/content\/ppl\/colors\/00020.json",
		"TenureLevel":1,
		"isSponsoredUser":false
	},
	{
		"id":2533274872869537,
		"hostId":null,
		"Gamertag":"xXMACHOMANIACXx",
		"GameDisplayName":"xXMACHOMANIACXx",
		"AppDisplayName":"xXMACHOMANIACXx",
		"Gamerscore":12965,
		"GameDisplayPicRaw":"http:\/\/images-eds.xboxlive.com\/image?url=mHGRD8KXEf2sp2LC58XhBQKNl2IWRp.J.q8mSURKUUeqgTjzIAGfGdWzj.yAhJicF59kp_MIFUZyLHCYDCPt7svncjZW6LEdxW2i720RzRs-&background=0xababab&format=png",
		"AppDisplayPicRaw":"http:\/\/images-eds.xboxlive.com\/image?url=mHGRD8KXEf2sp2LC58XhBQKNl2IWRp.J.q8mSURKUUeqgTjzIAGfGdWzj.yAhJicF59kp_MIFUZyLHCYDCPt7svncjZW6LEdxW2i720RzRs-&background=0xababab&format=png",
		"AccountTier":"Gold",
		"XboxOneRep":"GoodPlayer",
		"PreferredColor":"http:\/\/dlassets.xboxlive.com\/public\/content\/ppl\/colors\/00000.json ",
		"TenureLevel":4,
		"isSponsoredUser":false
	},
	{
		"id":2533274934691538,
		"hostId":null,
		"Gamertag":"XMostWanted11X",
		"GameDisplayName":"XMostWanted11X",
		"AppDisplayName":"XMostWanted11X",
		"Gamerscore":5805,
		"GameDisplayPicRaw":"http:\/\/images-eds.xboxlive.com\/image?url=rwljod2fPqLqGP3DBV9F_yK9iuxAt3_MH6tcOnQXTc_Rwk6x4mBsffNFCrNYvxFHJXBkZ_.yeyfbcjsoq7urGuapbxR5soXYi5PHYB2saew-&background=0xababab&format=png",
		"AppDisplayPicRaw":"http:\/\/images-eds.xboxlive.com\/image?url=rwljod2fPqLqGP3DBV9F_yK9iuxAt3_MH6tcOnQXTc_Rwk6x4mBsffNFCrNYvxFHJXBkZ_.yeyfbcjsoq7urGuapbxR5soXYi5PHYB2saew-&background=0xababab&format=png",
		"AccountTier":"Gold",
		"XboxOneRep":"GoodPlayer",
		"PreferredColor":"http:\/\/dlassets.xboxlive.com\/public\/content\/ppl\/colors\/00000.json ",
		"TenureLevel":2,
		"isSponsoredUser":false
	},
	{
		"id":2533274810492014,
		"hostId":null,
		"Gamertag":"BohserMensch",
		"GameDisplayName":"BohserMensch",
		"AppDisplayName":"BohserMensch",
		"Gamerscore":39097,
		"GameDisplayPicRaw":"http:\/\/images-eds.xboxlive.com\/image?url=mHGRD8KXEf2sp2LC58XhBQKNl2IWRp.J.q8mSURKUUcMxklru1th34ufw4.9u5nxwwXX9.KXR9S9pUb6o09Ufyb36lgItNxP.8_1jxBrpUU-&background=0xababab&format=png",
		"AppDisplayPicRaw":"http:\/\/images-eds.xboxlive.com\/image?url=mHGRD8KXEf2sp2LC58XhBQKNl2IWRp.J.q8mSURKUUcMxklru1th34ufw4.9u5nxwwXX9.KXR9S9pUb6o09Ufyb36lgItNxP.8_1jxBrpUU-&background=0xababab&format=png",
		"AccountTier":"Silver",
		"XboxOneRep":"GoodPlayer",
		"PreferredColor":"http:\/\/dlassets.xboxlive.com\/public\/content\/ppl\/colors\/00000.json ",
		"TenureLevel":6,
		"isSponsoredUser":false
	},
	{
		"id":2533274800390103,
		"hostId":null,
		"Gamertag":"Shadow Krush3r",
		"GameDisplayName":"Shadow Krush3r",
		"AppDisplayName":"Shadow Krush3r",
		"Gamerscore":15925,
		"GameDisplayPicRaw":"http:\/\/images-eds.xboxlive.com\/image?url=mHGRD8KXEf2sp2LC58XhBQKNl2IWRp.J.q8mSURKUUdPcYGuYNcQLWo5cMgSlN5YMvTzHLHCoJd4kH9eUwlhFgD3SdtzSoe5B_k645H_pcM-&background=0xababab&format=png",
		"AppDisplayPicRaw":"http:\/\/images-eds.xboxlive.com\/image?url=mHGRD8KXEf2sp2LC58XhBQKNl2IWRp.J.q8mSURKUUdPcYGuYNcQLWo5cMgSlN5YMvTzHLHCoJd4kH9eUwlhFgD3SdtzSoe5B_k645H_pcM-&background=0xababab&format=png",
		"AccountTier":"Gold",
		"XboxOneRep":"GoodPlayer",
		"PreferredColor":"http:\/\/dlassets.xboxlive.com\/public\/content\/ppl\/colors\/00000.json ",
		"TenureLevel":5,
		"isSponsoredUser":false
	},
	{
		"id":2533274856382624,
		"hostId":null,
		"Gamertag":"Skeeewy21",
		"GameDisplayName":"Skeeewy21",
		"AppDisplayName":"Skeeewy21",
		"Gamerscore":12995,
		"GameDisplayPicRaw":"http:\/\/images-eds.xboxlive.com\/image?url=rwljod2fPqLqGP3DBV9F_yK9iuxAt3_MH6tcOnQXTc_EznnQUnskLfjv4GLVSOjIqKN4SsNuhq8gnI64q5qkcSnkFr1LwO8M8JaBQurN0As-&background=0xababab&format=png",
		"AppDisplayPicRaw":"http:\/\/images-eds.xboxlive.com\/image?url=rwljod2fPqLqGP3DBV9F_yK9iuxAt3_MH6tcOnQXTc_EznnQUnskLfjv4GLVSOjIqKN4SsNuhq8gnI64q5qkcSnkFr1LwO8M8JaBQurN0As-&background=0xababab&format=png",
		"AccountTier":"Gold",
		"XboxOneRep":"GoodPlayer",
		"PreferredColor":"http:\/\/dlassets.xboxlive.com\/public\/content\/ppl\/colors\/00000.json ",
		"TenureLevel":5,
		"isSponsoredUser":false
	},
	{
		"id":2533274863123307,
		"hostId":null,
		"Gamertag":"REDSKINS 103",
		"GameDisplayName":"REDSKINS 103",
		"AppDisplayName":"REDSKINS 103",
		"Gamerscore":23335,
		"GameDisplayPicRaw":"http:\/\/images-eds.xboxlive.com\/image?url=mHGRD8KXEf2sp2LC58XhBQKNl2IWRp.J.q8mSURKUUcnF1ZfA0W5waoGohu6y4_5yIxpLAIkMQwBNnKYJi72AHYqgrmNhBAYBOBkRy6KC9o-&background=0xababab&format=png",
		"AppDisplayPicRaw":"http:\/\/images-eds.xboxlive.com\/image?url=mHGRD8KXEf2sp2LC58XhBQKNl2IWRp.J.q8mSURKUUcnF1ZfA0W5waoGohu6y4_5yIxpLAIkMQwBNnKYJi72AHYqgrmNhBAYBOBkRy6KC9o-&background=0xababab&format=png",
		"AccountTier":"Gold",
		"XboxOneRep":"GoodPlayer",
		"PreferredColor":"http:\/\/dlassets.xboxlive.com\/public\/content\/ppl\/colors\/00000.json ",
		"TenureLevel":3,
		"isSponsoredUser":false
	},
	{
		"id":2533275029502961,
		"hostId":null,
		"Gamertag":"The Soundman 72",
		"GameDisplayName":"The Soundman 72",
		"AppDisplayName":"The Soundman 72",
		"Gamerscore":4780,
		"GameDisplayPicRaw":"http:\/\/images-eds.xboxlive.com\/image?url=mHGRD8KXEf2sp2LC58XhBQKNl2IWRp.J.q8mSURKUUeQDtobyN5xmswIs1qggzrwH7KtEpTMndJEIdnhEOgx43EZIPDm.v15n1Td1.Q7xsc-&background=0xababab&format=png",
		"AppDisplayPicRaw":"http:\/\/images-eds.xboxlive.com\/image?url=mHGRD8KXEf2sp2LC58XhBQKNl2IWRp.J.q8mSURKUUeQDtobyN5xmswIs1qggzrwH7KtEpTMndJEIdnhEOgx43EZIPDm.v15n1Td1.Q7xsc-&background=0xababab&format=png",
		"AccountTier":"Gold",
		"XboxOneRep":"GoodPlayer",
		"PreferredColor":"http:\/\/dlassets.xboxlive.com\/public\/content\/ppl\/colors\/00000.json ",
		"TenureLevel":1,
		"isSponsoredUser":false
	},
	{
		"id":2535472952274037,
		"hostId":null,
		"Gamertag":"on yur blockEBK",
		"GameDisplayName":"on yur blockEBK",
		"AppDisplayName":"on yur blockEBK",
		"Gamerscore":2010,
		"GameDisplayPicRaw":"http:\/\/images-eds.xboxlive.com\/image?url=z951ykn43p4FqWbbFvR2Ec.8vbDhj8G2Xe7JngaTToBrrCmIEEXHC9UNrdJ6P7KIU9bcRvGYJAQotfisIC8nP2R3gKqd4PBnjXV9fDp5BlAEiV273wAV8SJGKuIPGCfC&format=png",
		"AppDisplayPicRaw":"http:\/\/images-eds.xboxlive.com\/image?url=z951ykn43p4FqWbbFvR2Ec.8vbDhj8G2Xe7JngaTToBrrCmIEEXHC9UNrdJ6P7KIU9bcRvGYJAQotfisIC8nP2R3gKqd4PBnjXV9fDp5BlAEiV273wAV8SJGKuIPGCfC&format=png",
		"AccountTier":"Gold",
		"XboxOneRep":"GoodPlayer",
		"PreferredColor":"http:\/\/dlassets.xboxlive.com\/public\/content\/ppl\/colors\/00000.json ",
		"TenureLevel":0,
		"isSponsoredUser":false
	},
	{
		"id":2533274892919926,
		"hostId":null,
		"Gamertag":"AHINES007",
		"GameDisplayName":"AHINES007",
		"AppDisplayName":"AHINES007",
		"Gamerscore":5660,
		"GameDisplayPicRaw":"http:\/\/images-eds.xboxlive.com\/image?url=rwljod2fPqLqGP3DBV9F_yK9iuxAt3_MH6tcOnQXTc_10Bk69DvNV1n1vt0Gpb6FHoop7TgsGB5d6HTrpfIvnXjJhuu8HA8Hv_A_1JRAxgc-&background=0xababab&format=png",
		"AppDisplayPicRaw":"http:\/\/images-eds.xboxlive.com\/image?url=rwljod2fPqLqGP3DBV9F_yK9iuxAt3_MH6tcOnQXTc_10Bk69DvNV1n1vt0Gpb6FHoop7TgsGB5d6HTrpfIvnXjJhuu8HA8Hv_A_1JRAxgc-&background=0xababab&format=png",
		"AccountTier":"Gold",
		"XboxOneRep":"GoodPlayer",
		"PreferredColor":"http:\/\/dlassets.xboxlive.com\/public\/content\/ppl\/colors\/00000.json ",
		"TenureLevel":2,
		"isSponsoredUser":false
	},
	{
		"id":2535465434558663,
		"hostId":null,
		"Gamertag":"DriftAlliance95",
		"GameDisplayName":"DriftAlliance95",
		"AppDisplayName":"DriftAlliance95",
		"Gamerscore":3880,
		"GameDisplayPicRaw":"http:\/\/images-eds.xboxlive.com\/image?url=z951ykn43p4FqWbbFvR2Ec.8vbDhj8G2Xe7JngaTToBrrCmIEEXHC9UNrdJ6P7KIU9bcRvGYJAQotfisIC8nP2R3gKqd4PBnjXV9fDp5BlAEiV273wAV8SJGKuIPGCfC&format=png",
		"AppDisplayPicRaw":"http:\/\/images-eds.xboxlive.com\/image?url=z951ykn43p4FqWbbFvR2Ec.8vbDhj8G2Xe7JngaTToBrrCmIEEXHC9UNrdJ6P7KIU9bcRvGYJAQotfisIC8nP2R3gKqd4PBnjXV9fDp5BlAEiV273wAV8SJGKuIPGCfC&format=png",
		"AccountTier":"Gold",
		"XboxOneRep":"GoodPlayer",
		"PreferredColor":"http:\/\/dlassets.xboxlive.com\/public\/content\/ppl\/colors\/00000.json ",
		"TenureLevel":0,
		"isSponsoredUser":false
	},
	{
		"id":2533274971639599,
		"hostId":null,
		"Gamertag":"TkS PINK KILL",
		"GameDisplayName":"TkS PINK KILL",
		"AppDisplayName":"TkS PINK KILL",
		"Gamerscore":24640,
		"GameDisplayPicRaw":"http:\/\/images-eds.xboxlive.com\/image?url=z951ykn43p4FqWbbFvR2Ec.8vbDhj8G2Xe7JngaTToBrrCmIEEXHC9UNrdJ6P7KIbgsfD63mXFU_1J9M4K4P9BfBGVYB0Pia475bR3mjaOS3ZX_7nn75deuK7Z_wL9Iy&format=png",
		"AppDisplayPicRaw":"http:\/\/images-eds.xboxlive.com\/image?url=z951ykn43p4FqWbbFvR2Ec.8vbDhj8G2Xe7JngaTToBrrCmIEEXHC9UNrdJ6P7KIbgsfD63mXFU_1J9M4K4P9BfBGVYB0Pia475bR3mjaOS3ZX_7nn75deuK7Z_wL9Iy&format=png",
		"AccountTier":"Gold",
		"XboxOneRep":"GoodPlayer",
		"PreferredColor":"http:\/\/dlassets.xboxlive.com\/public\/content\/ppl\/colors\/00008.json",
		"TenureLevel":2,
		"isSponsoredUser":false
	},
	{
		"id":2533275026418080,
		"hostId":null,
		"Gamertag":"Tucci 2x",
		"GameDisplayName":"Tucci 2x",
		"AppDisplayName":"Tucci 2x",
		"Gamerscore":4200,
		"GameDisplayPicRaw":"http:\/\/images-eds.xboxlive.com\/image?url=rwljod2fPqLqGP3DBV9F_yK9iuxAt3_MH6tcOnQXTc.kgSEKHwZzVqw3ColMoKx2Vr6A2Zo5g4XgCrKtRlo0OGg78Fy10N8adITC86FCUeM-&background=0xababab&format=png",
		"AppDisplayPicRaw":"http:\/\/images-eds.xboxlive.com\/image?url=rwljod2fPqLqGP3DBV9F_yK9iuxAt3_MH6tcOnQXTc.kgSEKHwZzVqw3ColMoKx2Vr6A2Zo5g4XgCrKtRlo0OGg78Fy10N8adITC86FCUeM-&background=0xababab&format=png",
		"AccountTier":"Gold",
		"XboxOneRep":"GoodPlayer",
		"PreferredColor":"http:\/\/dlassets.xboxlive.com\/public\/content\/ppl\/colors\/00000.json ",
		"TenureLevel":0,
		"isSponsoredUser":false
	},
	{
		"id":2533274825905716,
		"hostId":null,
		"Gamertag":"Tw1zt3dM3t4l",
		"GameDisplayName":"Tw1zt3dM3t4l",
		"AppDisplayName":"Tw1zt3dM3t4l",
		"Gamerscore":31350,
		"GameDisplayPicRaw":"http:\/\/images-eds.xboxlive.com\/image?url=mHGRD8KXEf2sp2LC58XhBQKNl2IWRp.J.q8mSURKUUevljb5hk5oA9TLW3YHfufLxkiNCXOWR5QIxKCSqGbNwzEznJaK_Eu2E3ifKwhvyiE-&background=0xababab&format=png",
		"AppDisplayPicRaw":"http:\/\/images-eds.xboxlive.com\/image?url=mHGRD8KXEf2sp2LC58XhBQKNl2IWRp.J.q8mSURKUUevljb5hk5oA9TLW3YHfufLxkiNCXOWR5QIxKCSqGbNwzEznJaK_Eu2E3ifKwhvyiE-&background=0xababab&format=png",
		"AccountTier":"Gold",
		"XboxOneRep":"GoodPlayer",
		"PreferredColor":"http:\/\/dlassets.xboxlive.com\/public\/content\/ppl\/colors\/00000.json ",
		"TenureLevel":6,
		"isSponsoredUser":false
	},
	{
		"id":2533274990153544,
		"hostId":null,
		"Gamertag":"Gl4DYATOR311",
		"GameDisplayName":"Gl4DYATOR311",
		"AppDisplayName":"Gl4DYATOR311",
		"Gamerscore":2835,
		"GameDisplayPicRaw":"http:\/\/images-eds.xboxlive.com\/image?url=mHGRD8KXEf2sp2LC58XhBQKNl2IWRp.J.q8mSURKUUeQDtobyN5xmswIs1qggzrwH7KtEpTMndJEIdnhEOgx43EZIPDm.v15n1Td1.Q7xsc-&background=0xababab&format=png",
		"AppDisplayPicRaw":"http:\/\/images-eds.xboxlive.com\/image?url=mHGRD8KXEf2sp2LC58XhBQKNl2IWRp.J.q8mSURKUUeQDtobyN5xmswIs1qggzrwH7KtEpTMndJEIdnhEOgx43EZIPDm.v15n1Td1.Q7xsc-&background=0xababab&format=png",
		"AccountTier":"Gold",
		"XboxOneRep":"GoodPlayer",
		"PreferredColor":"http:\/\/dlassets.xboxlive.com\/public\/content\/ppl\/colors\/00000.json ",
		"TenureLevel":1,
		"isSponsoredUser":false
	},
	{
		"id":2533274817512487,
		"hostId":null,
		"Gamertag":"Bookah66",
		"GameDisplayName":"Bookah66",
		"AppDisplayName":"Bookah66",
		"Gamerscore":25395,
		"GameDisplayPicRaw":"http:\/\/images-eds.xboxlive.com\/image?url=7OTVnZUMVj4OV2zUUGecWvn3U00nQQLfK7_kwpANoggDcuuSQoldXYmd2p_ck1LQXdqV2lqrS9tk7ppvO5zHCGPFgGIOZdI5VNS3ToZs21GBAeeSoVFbzsywO4Da5ose7XWHIQU4qoMqsNRT0UlMNf1NgiKWVh.QVGAj8_rPgV4-&format=png",
		"AppDisplayPicRaw":"http:\/\/images-eds.xboxlive.com\/image?url=7OTVnZUMVj4OV2zUUGecWvn3U00nQQLfK7_kwpANoggDcuuSQoldXYmd2p_ck1LQXdqV2lqrS9tk7ppvO5zHCGPFgGIOZdI5VNS3ToZs21GBAeeSoVFbzsywO4Da5ose7XWHIQU4qoMqsNRT0UlMNf1NgiKWVh.QVGAj8_rPgV4-&format=png",
		"AccountTier":"Gold",
		"XboxOneRep":"GoodPlayer",
		"PreferredColor":"http:\/\/dlassets.xboxlive.com\/public\/content\/ppl\/colors\/00013.json",
		"TenureLevel":7,
		"isSponsoredUser":false
	},
	{
		"id":2535428766702760,
		"hostId":null,
		"Gamertag":"Koleun",
		"GameDisplayName":"Koleun",
		"AppDisplayName":"Koleun",
		"Gamerscore":12355,
		"GameDisplayPicRaw":"http:\/\/images-eds.xboxlive.com\/image?url=z951ykn43p4FqWbbFvR2Ec.8vbDhj8G2Xe7JngaTToBrrCmIEEXHC9UNrdJ6P7KIU9bcRvGYJAQotfisIC8nP2R3gKqd4PBnjXV9fDp5BlAEiV273wAV8SJGKuIPGCfC&format=png",
		"AppDisplayPicRaw":"http:\/\/images-eds.xboxlive.com\/image?url=z951ykn43p4FqWbbFvR2Ec.8vbDhj8G2Xe7JngaTToBrrCmIEEXHC9UNrdJ6P7KIU9bcRvGYJAQotfisIC8nP2R3gKqd4PBnjXV9fDp5BlAEiV273wAV8SJGKuIPGCfC&format=png",
		"AccountTier":"Gold",
		"XboxOneRep":"GoodPlayer",
		"PreferredColor":"http:\/\/dlassets.xboxlive.com\/public\/content\/ppl\/colors\/00000.json ",
		"TenureLevel":0,
		"isSponsoredUser":false
	},
	{
		"id":2533274834105293,
		"hostId":null,
		"Gamertag":"DeafBlade",
		"GameDisplayName":"DeafBlade",
		"AppDisplayName":"DeafBlade",
		"Gamerscore":3395,
		"GameDisplayPicRaw":"http:\/\/images-eds.xboxlive.com\/image?url=rwljod2fPqLqGP3DBV9F_yK9iuxAt3_MH6tcOnQXTc.JsmpyCW9hFFrIt2RGaaRa_6GeMIUYP_YnSbzjnK4gfh9JbJvxFDiUdU9ldWAlXgE-&background=0xababab&format=png",
		"AppDisplayPicRaw":"http:\/\/images-eds.xboxlive.com\/image?url=rwljod2fPqLqGP3DBV9F_yK9iuxAt3_MH6tcOnQXTc.JsmpyCW9hFFrIt2RGaaRa_6GeMIUYP_YnSbzjnK4gfh9JbJvxFDiUdU9ldWAlXgE-&background=0xababab&format=png",
		"AccountTier":"Gold",
		"XboxOneRep":"GoodPlayer",
		"PreferredColor":"http:\/\/dlassets.xboxlive.com\/public\/content\/ppl\/colors\/00000.json ",
		"TenureLevel":2,
		"isSponsoredUser":false
	},
	{
		"id":2533274809490800,
		"hostId":null,
		"Gamertag":"MELJA36O",
		"GameDisplayName":"MELJA36O",
		"AppDisplayName":"MELJA36O",
		"Gamerscore":19125,
		"GameDisplayPicRaw":"http:\/\/images-eds.xboxlive.com\/image?url=rwljod2fPqLqGP3DBV9F_yK9iuxAt3_MH6tcOnQXTc_98kY6nbhLoZZG46wUHbC2MyZsRTDZFxYg5_NPWMNIo4G8Ylq_dWmIrfuJB1fczz8-&background=0xababab&format=png",
		"AppDisplayPicRaw":"http:\/\/images-eds.xboxlive.com\/image?url=rwljod2fPqLqGP3DBV9F_yK9iuxAt3_MH6tcOnQXTc_98kY6nbhLoZZG46wUHbC2MyZsRTDZFxYg5_NPWMNIo4G8Ylq_dWmIrfuJB1fczz8-&background=0xababab&format=png",
		"AccountTier":"Gold",
		"XboxOneRep":"GoodPlayer",
		"PreferredColor":"http:\/\/dlassets.xboxlive.com\/public\/content\/ppl\/colors\/00000.json ",
		"TenureLevel":5,
		"isSponsoredUser":false
	},
	{
		"id":2533275011354154,
		"hostId":null,
		"Gamertag":"Pablo Rdz M",
		"GameDisplayName":"Pablo Rdz M",
		"AppDisplayName":"Pablo Rdz M",
		"Gamerscore":3530,
		"GameDisplayPicRaw":"http:\/\/images-eds.xboxlive.com\/image?url=rwljod2fPqLqGP3DBV9F_yK9iuxAt3_MH6tcOnQXTc.dn1HTSlxNRxiBMlkk6asyuuzIizTIqqxX8moeiUQepLL00Ew8O.GL3sRzoAMVqQA-&background=0xababab&format=png",
		"AppDisplayPicRaw":"http:\/\/images-eds.xboxlive.com\/image?url=rwljod2fPqLqGP3DBV9F_yK9iuxAt3_MH6tcOnQXTc.dn1HTSlxNRxiBMlkk6asyuuzIizTIqqxX8moeiUQepLL00Ew8O.GL3sRzoAMVqQA-&background=0xababab&format=png",
		"AccountTier":"Silver",
		"XboxOneRep":"GoodPlayer",
		"PreferredColor":"http:\/\/dlassets.xboxlive.com\/public\/content\/ppl\/colors\/00000.json ",
		"TenureLevel":1,
		"isSponsoredUser":false
	},
	{
		"id":2535418635528499,
		"hostId":null,
		"Gamertag":"GrimRe4per106",
		"GameDisplayName":"GrimRe4per106",
		"AppDisplayName":"GrimRe4per106",
		"Gamerscore":3855,
		"GameDisplayPicRaw":"http:\/\/images-eds.xboxlive.com\/image?url=z951ykn43p4FqWbbFvR2Ec.8vbDhj8G2Xe7JngaTToBrrCmIEEXHC9UNrdJ6P7KIwuPiuIs6TLDV4WsQAGzSwnTHQB9h_UfPa19pe4OAgFTWAPsXVneopydpL6qncU1N&format=png",
		"AppDisplayPicRaw":"http:\/\/images-eds.xboxlive.com\/image?url=z951ykn43p4FqWbbFvR2Ec.8vbDhj8G2Xe7JngaTToBrrCmIEEXHC9UNrdJ6P7KIwuPiuIs6TLDV4WsQAGzSwnTHQB9h_UfPa19pe4OAgFTWAPsXVneopydpL6qncU1N&format=png",
		"AccountTier":"Gold",
		"XboxOneRep":"GoodPlayer",
		"PreferredColor":"http:\/\/dlassets.xboxlive.com\/public\/content\/ppl\/colors\/00000.json ",
		"TenureLevel":1,
		"isSponsoredUser":false
	},
	{
		"id":2533274864406874,
		"hostId":null,
		"Gamertag":"N9neKittens",
		"GameDisplayName":"N9neKittens",
		"AppDisplayName":"N9neKittens",
		"Gamerscore":16340,
		"GameDisplayPicRaw":"http:\/\/images-eds.xboxlive.com\/image?url=rwljod2fPqLqGP3DBV9F_yK9iuxAt3_MH6tcOnQXTc8BURwW7CHjS4AW5OcrqLDdqIQVmIZVVzU4KcsA3hZ17wGCHyuQ7oIANaeDTbouU0Y-&background=0xababab&format=png",
		"AppDisplayPicRaw":"http:\/\/images-eds.xboxlive.com\/image?url=rwljod2fPqLqGP3DBV9F_yK9iuxAt3_MH6tcOnQXTc8BURwW7CHjS4AW5OcrqLDdqIQVmIZVVzU4KcsA3hZ17wGCHyuQ7oIANaeDTbouU0Y-&background=0xababab&format=png",
		"AccountTier":"Silver",
		"XboxOneRep":"GoodPlayer",
		"PreferredColor":"http:\/\/dlassets.xboxlive.com\/public\/content\/ppl\/colors\/00000.json ",
		"TenureLevel":0,
		"isSponsoredUser":false
	},
	{
		"id":2533275014868531,
		"hostId":null,
		"Gamertag":"joker816420",
		"GameDisplayName":"joker816420",
		"AppDisplayName":"joker816420",
		"Gamerscore":18168,
		"GameDisplayPicRaw":"http:\/\/images-eds.xboxlive.com\/image?url=rwljod2fPqLqGP3DBV9F_yK9iuxAt3_MH6tcOnQXTc_AolWmbJAz3bJKdg.2erdI_R8Yi6AEBT7dTrPTkx_OX5_qGJ5hBVaRI9xOVWIGd4U-&background=0xababab&format=png",
		"AppDisplayPicRaw":"http:\/\/images-eds.xboxlive.com\/image?url=rwljod2fPqLqGP3DBV9F_yK9iuxAt3_MH6tcOnQXTc_AolWmbJAz3bJKdg.2erdI_R8Yi6AEBT7dTrPTkx_OX5_qGJ5hBVaRI9xOVWIGd4U-&background=0xababab&format=png",
		"AccountTier":"Silver",
		"XboxOneRep":"GoodPlayer",
		"PreferredColor":"http:\/\/dlassets.xboxlive.com\/public\/content\/ppl\/colors\/00002.json",
		"TenureLevel":0,
		"isSponsoredUser":false
	},
	{
		"id":2533275026779987,
		"hostId":null,
		"Gamertag":"PowderyAtom5905",
		"GameDisplayName":"PowderyAtom5905",
		"AppDisplayName":"PowderyAtom5905",
		"Gamerscore":17070,
		"GameDisplayPicRaw":"http:\/\/images-eds.xboxlive.com\/image?url=mHGRD8KXEf2sp2LC58XhBQKNl2IWRp.J.q8mSURKUUe74QpdRJe_kV8t.wSNzAcW2KfxHtGR2DoGNO6irrE2eiNWNPxMfUYY03kA4ttnToI-&background=0xababab&format=png",
		"AppDisplayPicRaw":"http:\/\/images-eds.xboxlive.com\/image?url=mHGRD8KXEf2sp2LC58XhBQKNl2IWRp.J.q8mSURKUUe74QpdRJe_kV8t.wSNzAcW2KfxHtGR2DoGNO6irrE2eiNWNPxMfUYY03kA4ttnToI-&background=0xababab&format=png",
		"AccountTier":"Gold",
		"XboxOneRep":"GoodPlayer",
		"PreferredColor":"http:\/\/dlassets.xboxlive.com\/public\/content\/ppl\/colors\/00000.json ",
		"TenureLevel":1,
		"isSponsoredUser":false
	},
	{
		"id":2533274957166612,
		"hostId":null,
		"Gamertag":"XxCreedancexX",
		"GameDisplayName":"XxCreedancexX",
		"AppDisplayName":"XxCreedancexX",
		"Gamerscore":8345,
		"GameDisplayPicRaw":"http:\/\/images-eds.xboxlive.com\/image?url=mHGRD8KXEf2sp2LC58XhBQKNl2IWRp.J.q8mSURKUUfXAfWLChpIjzx7snvHGXJ.cInvYFW3l.nq87KKXYG5VFvSuYw9VAt_K61wFe0WMl8-&background=0xababab&format=png",
		"AppDisplayPicRaw":"http:\/\/images-eds.xboxlive.com\/image?url=mHGRD8KXEf2sp2LC58XhBQKNl2IWRp.J.q8mSURKUUfXAfWLChpIjzx7snvHGXJ.cInvYFW3l.nq87KKXYG5VFvSuYw9VAt_K61wFe0WMl8-&background=0xababab&format=png",
		"AccountTier":"Gold",
		"XboxOneRep":"GoodPlayer",
		"PreferredColor":"http:\/\/dlassets.xboxlive.com\/public\/content\/ppl\/colors\/00000.json ",
		"TenureLevel":1,
		"isSponsoredUser":false
	},
	{
		"id":2533274859507391,
		"hostId":null,
		"Gamertag":"TheManInCamo",
		"GameDisplayName":"TheManInCamo",
		"AppDisplayName":"TheManInCamo",
		"Gamerscore":18640,
		"GameDisplayPicRaw":"http:\/\/images-eds.xboxlive.com\/image?url=mHGRD8KXEf2sp2LC58XhBQKNl2IWRp.J.q8mSURKUUdG7zTPl5QJgBP00Kz3Mdzl7M68tYNRXyRlyj9EBP0E8bOOJON0YNvOEA.zrpbaJyA-&background=0xababab&format=png",
		"AppDisplayPicRaw":"http:\/\/images-eds.xboxlive.com\/image?url=mHGRD8KXEf2sp2LC58XhBQKNl2IWRp.J.q8mSURKUUdG7zTPl5QJgBP00Kz3Mdzl7M68tYNRXyRlyj9EBP0E8bOOJON0YNvOEA.zrpbaJyA-&background=0xababab&format=png",
		"AccountTier":"Gold",
		"XboxOneRep":"GoodPlayer",
		"PreferredColor":"http:\/\/dlassets.xboxlive.com\/public\/content\/ppl\/colors\/00012.json",
		"TenureLevel":5,
		"isSponsoredUser":false
	},
	{
		"id":2533274828471387,
		"hostId":null,
		"Gamertag":"D MURD3R U",
		"GameDisplayName":"D MURD3R U",
		"AppDisplayName":"D MURD3R U",
		"Gamerscore":19230,
		"GameDisplayPicRaw":"http:\/\/images-eds.xboxlive.com\/image?url=rwljod2fPqLqGP3DBV9F_yK9iuxAt3_MH6tcOnQXTc8UAwf7qaSdiezmA3T56bgpAvrUe0qOxaaX273_7KEFrZFbIEDUkJgbtdgDccIQtRQ-&background=0xababab&format=png",
		"AppDisplayPicRaw":"http:\/\/images-eds.xboxlive.com\/image?url=rwljod2fPqLqGP3DBV9F_yK9iuxAt3_MH6tcOnQXTc8UAwf7qaSdiezmA3T56bgpAvrUe0qOxaaX273_7KEFrZFbIEDUkJgbtdgDccIQtRQ-&background=0xababab&format=png",
		"AccountTier":"Gold",
		"XboxOneRep":"GoodPlayer",
		"PreferredColor":"http:\/\/dlassets.xboxlive.com\/public\/content\/ppl\/colors\/00003.json",
		"TenureLevel":5,
		"isSponsoredUser":false
	},
	{
		"id":2533274892100014,
		"hostId":null,
		"Gamertag":"Wolf QuickDeath",
		"GameDisplayName":"Wolf QuickDeath",
		"AppDisplayName":"Wolf QuickDeath",
		"Gamerscore":48774,
		"GameDisplayPicRaw":"http:\/\/images-eds.xboxlive.com\/image?url=z951ykn43p4FqWbbFvR2Ec.8vbDhj8G2Xe7JngaTToBrrCmIEEXHC9UNrdJ6P7KIFXxmxGDtE9Vkd62rOpb7JV6s0BrJaJq5VF8zxrdn5qKs0o7TclbxyEOU9ByJEcY9&format=png",
		"AppDisplayPicRaw":"http:\/\/images-eds.xboxlive.com\/image?url=z951ykn43p4FqWbbFvR2Ec.8vbDhj8G2Xe7JngaTToBrrCmIEEXHC9UNrdJ6P7KIFXxmxGDtE9Vkd62rOpb7JV6s0BrJaJq5VF8zxrdn5qKs0o7TclbxyEOU9ByJEcY9&format=png",
		"AccountTier":"Gold",
		"XboxOneRep":"GoodPlayer",
		"PreferredColor":"http:\/\/dlassets.xboxlive.com\/public\/content\/ppl\/colors\/00008.json",
		"TenureLevel":4,
		"isSponsoredUser":false
	},
	{
		"id":2533274846239753,
		"hostId":null,
		"Gamertag":"BleachSword",
		"GameDisplayName":"BleachSword",
		"AppDisplayName":"BleachSword",
		"Gamerscore":9342,
		"GameDisplayPicRaw":"http:\/\/images-eds.xboxlive.com\/image?url=rwljod2fPqLqGP3DBV9F_yK9iuxAt3_MH6tcOnQXTc9YJrF5kQ7crgdZLUYFf9nWBGQWqDSggG8c.lzGPwLG7jALjC8D5lH_6pnqiy.G6KI-&background=0xababab&format=png",
		"AppDisplayPicRaw":"http:\/\/images-eds.xboxlive.com\/image?url=rwljod2fPqLqGP3DBV9F_yK9iuxAt3_MH6tcOnQXTc9YJrF5kQ7crgdZLUYFf9nWBGQWqDSggG8c.lzGPwLG7jALjC8D5lH_6pnqiy.G6KI-&background=0xababab&format=png",
		"AccountTier":"Gold",
		"XboxOneRep":"GoodPlayer",
		"PreferredColor":"http:\/\/dlassets.xboxlive.com\/public\/content\/ppl\/colors\/00000.json ",
		"TenureLevel":5,
		"isSponsoredUser":false
	},
	{
		"id":2533274882868816,
		"hostId":null,
		"Gamertag":"TheyCa11MeSnow",
		"GameDisplayName":"TheyCa11MeSnow",
		"AppDisplayName":"TheyCa11MeSnow",
		"Gamerscore":28770,
		"GameDisplayPicRaw":"http:\/\/images-eds.xboxlive.com\/image?url=7OTVnZUMVj4OV2zUUGecWvn3U00nQQLfK7_kwpANogh1Cyvs1ibLS57emwdocLt0TkM4FsazmeeXcjjtnqd7yCJZU7Fp85d60rsmlMQtGrNjqHB9VdlAGgdLBjIWknRBFjiPyCs4Ds67CQpbfbcEmY5dH4uhh1iyjYgL5wgLmgk-&format=png",
		"AppDisplayPicRaw":"http:\/\/images-eds.xboxlive.com\/image?url=7OTVnZUMVj4OV2zUUGecWvn3U00nQQLfK7_kwpANogh1Cyvs1ibLS57emwdocLt0TkM4FsazmeeXcjjtnqd7yCJZU7Fp85d60rsmlMQtGrNjqHB9VdlAGgdLBjIWknRBFjiPyCs4Ds67CQpbfbcEmY5dH4uhh1iyjYgL5wgLmgk-&format=png",
		"AccountTier":"Gold",
		"XboxOneRep":"GoodPlayer",
		"PreferredColor":"http:\/\/dlassets.xboxlive.com\/public\/content\/ppl\/colors\/00014.json",
		"TenureLevel":3,
		"isSponsoredUser":false
	},
	{
		"id":2533274872292404,
		"hostId":null,
		"Gamertag":"x iDroppeD x",
		"GameDisplayName":"x iDroppeD x",
		"AppDisplayName":"x iDroppeD x",
		"Gamerscore":10300,
		"GameDisplayPicRaw":"http:\/\/images-eds.xboxlive.com\/image?url=mHGRD8KXEf2sp2LC58XhBQKNl2IWRp.J.q8mSURKUUdmMheUIbrN0qihamZ_i7aoiEegwm3sLn3J5hi9F3rakmXeVBM9gZccGclpo2MBJCg-&background=0xababab&format=png",
		"AppDisplayPicRaw":"http:\/\/images-eds.xboxlive.com\/image?url=mHGRD8KXEf2sp2LC58XhBQKNl2IWRp.J.q8mSURKUUdmMheUIbrN0qihamZ_i7aoiEegwm3sLn3J5hi9F3rakmXeVBM9gZccGclpo2MBJCg-&background=0xababab&format=png",
		"AccountTier":"Gold",
		"XboxOneRep":"GoodPlayer",
		"PreferredColor":"http:\/\/dlassets.xboxlive.com\/public\/content\/ppl\/colors\/00000.json ",
		"TenureLevel":0,
		"isSponsoredUser":false
	},
	{
		"id":2533274852489675,
		"hostId":null,
		"Gamertag":"TWOsprtans lcup",
		"GameDisplayName":"TWOsprtans lcup",
		"AppDisplayName":"TWOsprtans lcup",
		"Gamerscore":17626,
		"GameDisplayPicRaw":"http:\/\/images-eds.xboxlive.com\/image?url=z951ykn43p4FqWbbFvR2Ec.8vbDhj8G2Xe7JngaTToBrrCmIEEXHC9UNrdJ6P7KIFXxmxGDtE9Vkd62rOpb7JQMpY7YFQy0EYfY0aIJyS.VjzykpYmyXOdvVCy0yF5NA&format=png",
		"AppDisplayPicRaw":"http:\/\/images-eds.xboxlive.com\/image?url=z951ykn43p4FqWbbFvR2Ec.8vbDhj8G2Xe7JngaTToBrrCmIEEXHC9UNrdJ6P7KIFXxmxGDtE9Vkd62rOpb7JQMpY7YFQy0EYfY0aIJyS.VjzykpYmyXOdvVCy0yF5NA&format=png",
		"AccountTier":"Gold",
		"XboxOneRep":"GoodPlayer",
		"PreferredColor":"http:\/\/dlassets.xboxlive.com\/public\/content\/ppl\/colors\/00017.json",
		"TenureLevel":4,
		"isSponsoredUser":false
	},
	{
		"id":2535411241608213,
		"hostId":null,
		"Gamertag":"rk grip",
		"GameDisplayName":"rk grip",
		"AppDisplayName":"rk grip",
		"Gamerscore":7198,
		"GameDisplayPicRaw":"http:\/\/images-eds.xboxlive.com\/image?url=z951ykn43p4FqWbbFvR2Ec.8vbDhj8G2Xe7JngaTToBrrCmIEEXHC9UNrdJ6P7KIoIeJ1sl4QgwrJRGcdRHOCtryOc6_nGZor8k2Vm11UWg_f_6TcRLWTdm_jW6CiCZS&format=png",
		"AppDisplayPicRaw":"http:\/\/images-eds.xboxlive.com\/image?url=z951ykn43p4FqWbbFvR2Ec.8vbDhj8G2Xe7JngaTToBrrCmIEEXHC9UNrdJ6P7KIoIeJ1sl4QgwrJRGcdRHOCtryOc6_nGZor8k2Vm11UWg_f_6TcRLWTdm_jW6CiCZS&format=png",
		"AccountTier":"Gold",
		"XboxOneRep":"GoodPlayer",
		"PreferredColor":"http:\/\/dlassets.xboxlive.com\/public\/content\/ppl\/colors\/00000.json ",
		"TenureLevel":0,
		"isSponsoredUser":false
	},
	{
		"id":2533274818624853,
		"hostId":null,
		"Gamertag":"Hirtzanator",
		"GameDisplayName":"Hirtzanator",
		"AppDisplayName":"Hirtzanator",
		"Gamerscore":13640,
		"GameDisplayPicRaw":"http:\/\/images-eds.xboxlive.com\/image?url=rwljod2fPqLqGP3DBV9F_yK9iuxAt3_MH6tcOnQXTc_2dYT_wN1U0itvkOFXrf7NDOEnSwQ4HwuktSD7UAOdyCugCztUKLa0g.cOCzARl14-&background=0xababab&format=png",
		"AppDisplayPicRaw":"http:\/\/images-eds.xboxlive.com\/image?url=rwljod2fPqLqGP3DBV9F_yK9iuxAt3_MH6tcOnQXTc_2dYT_wN1U0itvkOFXrf7NDOEnSwQ4HwuktSD7UAOdyCugCztUKLa0g.cOCzARl14-&background=0xababab&format=png",
		"AccountTier":"Gold",
		"XboxOneRep":"GoodPlayer",
		"PreferredColor":"http:\/\/dlassets.xboxlive.com\/public\/content\/ppl\/colors\/00000.json ",
		"TenureLevel":3,
		"isSponsoredUser":false
	},
	{
		"id":2533274870081820,
		"hostId":null,
		"Gamertag":"Christ O Mytee",
		"GameDisplayName":"Christ O Mytee",
		"AppDisplayName":"Christ O Mytee",
		"Gamerscore":6726,
		"GameDisplayPicRaw":"http:\/\/images-eds.xboxlive.com\/image?url=rwljod2fPqLqGP3DBV9F_yK9iuxAt3_MH6tcOnQXTc8JfmWfcm4iaRY5_8NHSdykbYgA9YYmN.WIBinEiIPyn3PNv7GMH11Yj1hPb4wFbvY-&background=0xababab&format=png",
		"AppDisplayPicRaw":"http:\/\/images-eds.xboxlive.com\/image?url=rwljod2fPqLqGP3DBV9F_yK9iuxAt3_MH6tcOnQXTc8JfmWfcm4iaRY5_8NHSdykbYgA9YYmN.WIBinEiIPyn3PNv7GMH11Yj1hPb4wFbvY-&background=0xababab&format=png",
		"AccountTier":"Gold",
		"XboxOneRep":"GoodPlayer",
		"PreferredColor":"http:\/\/dlassets.xboxlive.com\/public\/content\/ppl\/colors\/00000.json ",
		"TenureLevel":4,
		"isSponsoredUser":false
	},
	{
		"id":2535470862536159,
		"hostId":null,
		"Gamertag":"XxTRU3XSN1P3RXx",
		"GameDisplayName":"XxTRU3XSN1P3RXx",
		"AppDisplayName":"XxTRU3XSN1P3RXx",
		"Gamerscore":225,
		"GameDisplayPicRaw":"http:\/\/images-eds.xboxlive.com\/image?url=z951ykn43p4FqWbbFvR2Ec.8vbDhj8G2Xe7JngaTToBrrCmIEEXHC9UNrdJ6P7KIoIeJ1sl4QgwrJRGcdRHOCj5eLmw8RcR_PrRIdLBkQlUyEVxmmKtLAqCcs7lEm0ow&format=png",
		"AppDisplayPicRaw":"http:\/\/images-eds.xboxlive.com\/image?url=z951ykn43p4FqWbbFvR2Ec.8vbDhj8G2Xe7JngaTToBrrCmIEEXHC9UNrdJ6P7KIoIeJ1sl4QgwrJRGcdRHOCj5eLmw8RcR_PrRIdLBkQlUyEVxmmKtLAqCcs7lEm0ow&format=png",
		"AccountTier":"Silver",
		"XboxOneRep":"GoodPlayer",
		"PreferredColor":"http:\/\/dlassets.xboxlive.com\/public\/content\/ppl\/colors\/00000.json ",
		"TenureLevel":0,
		"isSponsoredUser":false
	},
	{
		"id":2533274808804421,
		"hostId":null,
		"Gamertag":"CubanatorX",
		"GameDisplayName":"CubanatorX",
		"AppDisplayName":"CubanatorX",
		"Gamerscore":32841,
		"GameDisplayPicRaw":"http:\/\/images-eds.xboxlive.com\/image?url=mHGRD8KXEf2sp2LC58XhBQKNl2IWRp.J.q8mSURKUUcGxX4gWQtL.RhqV4NIFvkrIqxGT1up5162joeMSG9jFPZpZOwxPNWX627LcLMaisQ-&background=0xababab&format=png",
		"AppDisplayPicRaw":"http:\/\/images-eds.xboxlive.com\/image?url=mHGRD8KXEf2sp2LC58XhBQKNl2IWRp.J.q8mSURKUUcGxX4gWQtL.RhqV4NIFvkrIqxGT1up5162joeMSG9jFPZpZOwxPNWX627LcLMaisQ-&background=0xababab&format=png",
		"AccountTier":"Gold",
		"XboxOneRep":"GoodPlayer",
		"PreferredColor":"http:\/\/dlassets.xboxlive.com\/public\/content\/ppl\/colors\/00014.json",
		"TenureLevel":7,
		"isSponsoredUser":false
	},
	{
		"id":2535420155338171,
		"hostId":null,
		"Gamertag":"Twigyigy",
		"GameDisplayName":"Twigyigy",
		"AppDisplayName":"Twigyigy",
		"Gamerscore":8005,
		"GameDisplayPicRaw":"http:\/\/images-eds.xboxlive.com\/image?url=z951ykn43p4FqWbbFvR2Ec.8vbDhj8G2Xe7JngaTToBrrCmIEEXHC9UNrdJ6P7KIoIeJ1sl4QgwrJRGcdRHOCtryOc6_nGZor8k2Vm11UWg_f_6TcRLWTdm_jW6CiCZS&format=png",
		"AppDisplayPicRaw":"http:\/\/images-eds.xboxlive.com\/image?url=z951ykn43p4FqWbbFvR2Ec.8vbDhj8G2Xe7JngaTToBrrCmIEEXHC9UNrdJ6P7KIoIeJ1sl4QgwrJRGcdRHOCtryOc6_nGZor8k2Vm11UWg_f_6TcRLWTdm_jW6CiCZS&format=png",
		"AccountTier":"Gold",
		"XboxOneRep":"GoodPlayer",
		"PreferredColor":"http:\/\/dlassets.xboxlive.com\/public\/content\/ppl\/colors\/00000.json ",
		"TenureLevel":1,
		"isSponsoredUser":false
	},
	{
		"id":2533274823939145,
		"hostId":null,
		"Gamertag":"Satanboy16",
		"GameDisplayName":"Satanboy16",
		"AppDisplayName":"Satanboy16",
		"Gamerscore":42035,
		"GameDisplayPicRaw":"http:\/\/images-eds.xboxlive.com\/image?url=z951ykn43p4FqWbbFvR2Ec.8vbDhj8G2Xe7JngaTToBrrCmIEEXHC9UNrdJ6P7KIFXxmxGDtE9Vkd62rOpb7JYP_45M9lRwaBXMXlARM17d4RJCylo8aEVo0n6kI6_HZ&format=png",
		"AppDisplayPicRaw":"http:\/\/images-eds.xboxlive.com\/image?url=z951ykn43p4FqWbbFvR2Ec.8vbDhj8G2Xe7JngaTToBrrCmIEEXHC9UNrdJ6P7KIFXxmxGDtE9Vkd62rOpb7JYP_45M9lRwaBXMXlARM17d4RJCylo8aEVo0n6kI6_HZ&format=png",
		"AccountTier":"Gold",
		"XboxOneRep":"GoodPlayer",
		"PreferredColor":"http:\/\/dlassets.xboxlive.com\/public\/content\/ppl\/colors\/00012.json",
		"TenureLevel":6,
		"isSponsoredUser":false
	},
	{
		"id":2755774057701929,
		"hostId":null,
		"Gamertag":"ll 0V3RD0S3 ll",
		"GameDisplayName":"ll 0V3RD0S3 ll",
		"AppDisplayName":"ll 0V3RD0S3 ll",
		"Gamerscore":18233,
		"GameDisplayPicRaw":"http:\/\/images-eds.xboxlive.com\/image?url=mHGRD8KXEf2sp2LC58XhBQKNl2IWRp.J.q8mSURKUUeQDtobyN5xmswIs1qggzrwH7KtEpTMndJEIdnhEOgx43EZIPDm.v15n1Td1.Q7xsc-&background=0xababab&format=png",
		"AppDisplayPicRaw":"http:\/\/images-eds.xboxlive.com\/image?url=mHGRD8KXEf2sp2LC58XhBQKNl2IWRp.J.q8mSURKUUeQDtobyN5xmswIs1qggzrwH7KtEpTMndJEIdnhEOgx43EZIPDm.v15n1Td1.Q7xsc-&background=0xababab&format=png",
		"AccountTier":"Gold",
		"XboxOneRep":"GoodPlayer",
		"PreferredColor":"http:\/\/dlassets.xboxlive.com\/public\/content\/ppl\/colors\/00000.json ",
		"TenureLevel":12,
		"isSponsoredUser":false
	}
]