[
	{
		"startTime":"2015-04-19T20:35:43.5100111Z",
		"sessionDurationInMinutes":109,
		"contentImageUri":"http:\/\/images-eds.xboxlive.com\/image?url=S35PkG.Po6AuYMOCXUZRrEOttKZnyhla8BAvz_.mFVIgGCnV.g4SVwFP_2_jUav4yU6ySpynvkCWBxorxgTkAA9N631KgOx8Z1m94OEHwzQ-",
		"bingId":"66acd000-77fe-1000-9115-d802394707d1",
		"contentTitle":"Netflix",
		"vuiDisplayName":"Netflix",
		"platform":"Xbox360",
		"titleId":960956369,
		//skipped activity, dont think I need it
		"activity":
		{
			"startTime":"2015-04-19T20:35:43.5100111Z",
			"endTime":"0001-01-01T00:00:00Z",
			"numShares":0,
			"numLikes":0,
			"numComments":0,
			"ugcCaption":null,
			"activityItemType":"Played",
			"userXuid":2533274815432547,
			"date":"2015-04-19T20:35:43.5100111Z",
			"contentType":"App",
			"titleId":960956369,
			"platform":"Xbox360",
			"sandboxid":"RETAIL",
			"userKey":null,
			"scid":null
		},
		"description":"started using Netflix",
		"date":"2015-04-19T20:35:43.5100111Z",
		"hasUgc":false,
		"activityItemType":"Played",
		"contentType":"App",
		"shortDescription":"used an app",
		"itemText":"Netflix",
		"itemImage":"http:\/\/images-eds.xboxlive.com\/image?url=S35PkG.Po6AuYMOCXUZRrEOttKZnyhla8BAvz_.mFVIgGCnV.g4SVwFP_2_jUav4yU6ySpynvkCWBxorxgTkAA9N631KgOx8Z1m94OEHwzQ-",
		"shareRoot":"avty.xboxlive.com\/users\/xuid(2533274815432547)\/contexts\/90000017E0763_2015_04\/activity\/Activity.201504.19.2.394707D1.635650725435100111",
		"feedItemId":"avty.xboxlive.com\/users\/xuid(2533274815432547)\/contexts\/90000017E0763_2015_04\/activity\/Activity.201504.19.2.394707D1.635650725435100111",
		"itemRoot":"avty.xboxlive.com\/users\/xuid(2533274815432547)\/contexts\/90000017E0763_2015_04\/activity\/Activity.201504.19.2.394707D1.635650725435100111",
		"hasLiked":false,
		//skipped this too idk why I need it
		"authorInfo":
		{
			"name":"UcAntSAvEmeNow",
			"secondName":"",
			"imageUrl":"http:\/\/images-eds.xboxlive.com\/image?url=mHGRD8KXEf2sp2LC58XhBQKNl2IWRp.J.q8mSURKUUeQDtobyN5xmswIs1qggzrwXftqPGZ5iMEjtO1DG_2AMYD4GXJq5bvQ2sqk2Rkcu2o-&background=0xababab&mode=Padding&format=png",
			"authorType":"User",
			"id":2533274815432547
		},
		"gamertag":"UcAntSAvEmeNow",
		"realName":"",
		"displayName":"UcAntSAvEmeNow",
		"userImageUri":"http:\/\/images-eds.xboxlive.com\/image?url=mHGRD8KXEf2sp2LC58XhBQKNl2IWRp.J.q8mSURKUUeQDtobyN5xmswIs1qggzrwXftqPGZ5iMEjtO1DG_2AMYD4GXJq5bvQ2sqk2Rkcu2o-&background=0xababab&mode=Padding&format=png",
		"userXuid":2533274815432547
	},
	{
		"startTime":"2015-04-19T19:35:53.9843963Z",
		"endTime":"2015-04-19T20:35:34.093366Z",
		"sessionDurationInMinutes":59,
		"contentImageUri":"http:\/\/images-eds.xboxlive.com\/image?url=S35PkG.Po6AuYMOCXUZRrEOttKZnyhla8BAvz_.mFVKA4u8jVObzUIIr.IPhFRiAXDCYYehBCXOsKscjqVzwuAdr7j0ARNj.BL.lO0MrdMQaNod1cZwcHC31cS4xaiXHA03ezG2g3sqtwPIMmJaQ.A--",
		"bingId":"66acd000-77fe-1000-9115-d8024d530910",
		"contentTitle":"Forza Motorsport 4",
		"vuiDisplayName":"Forza",
		"platform":"Xbox360",
		"titleId":1297287440,
		"activity":
		{
			"startTime":"2015-04-19T19:35:53.9843963Z",
			"endTime":"2015-04-19T20:35:34.093366Z",
			"numShares":0,
			"numLikes":0,
			"numComments":0,
			"ugcCaption":null,
			"activityItemType":"Played",
			"userXuid":2533274815432547,
			"date":"2015-04-19T19:35:53.9843963Z",
			"contentType":"Game",
			"titleId":1297287440,
			"platform":"Xbox360",
			"sandboxid":"RETAIL",
			"userKey":null,
			"scid":null
		},
		"description":"started playing Forza Motorsport 4",
		"date":"2015-04-19T19:35:53.9843963Z",
		"hasUgc":false,
		"activityItemType":"Played",
		"contentType":"Game",
		"shortDescription":"played a game",
		"itemText":"Forza Motorsport 4",
		"itemImage":"http:\/\/images-eds.xboxlive.com\/image?url=S35PkG.Po6AuYMOCXUZRrEOttKZnyhla8BAvz_.mFVKA4u8jVObzUIIr.IPhFRiAXDCYYehBCXOsKscjqVzwuAdr7j0ARNj.BL.lO0MrdMQaNod1cZwcHC31cS4xaiXHA03ezG2g3sqtwPIMmJaQ.A--",
		"shareRoot":"avty.xboxlive.com\/users\/xuid(2533274815432547)\/contexts\/90000017E0763_2015_04\/activity\/Activity.201504.19.2.4D530910.635650689539843963",
		"feedItemId":"avty.xboxlive.com\/users\/xuid(2533274815432547)\/contexts\/90000017E0763_2015_04\/activity\/Activity.201504.19.2.4D530910.635650689539843963",
		"itemRoot":"avty.xboxlive.com\/users\/xuid(2533274815432547)\/contexts\/90000017E0763_2015_04\/activity\/Activity.201504.19.2.4D530910.635650689539843963",
		"hasLiked":false,
		"authorInfo":
		{
			"name":"UcAntSAvEmeNow",
			"secondName":"",
			"imageUrl":"http:\/\/images-eds.xboxlive.com\/image?url=mHGRD8KXEf2sp2LC58XhBQKNl2IWRp.J.q8mSURKUUeQDtobyN5xmswIs1qggzrwXftqPGZ5iMEjtO1DG_2AMYD4GXJq5bvQ2sqk2Rkcu2o-&background=0xababab&mode=Padding&format=png",
			"authorType":"User",
			"id":2533274815432547
		},
		"gamertag":"UcAntSAvEmeNow",
		"realName":"",
		"displayName":"UcAntSAvEmeNow",
		"userImageUri":"http:\/\/images-eds.xboxlive.com\/image?url=mHGRD8KXEf2sp2LC58XhBQKNl2IWRp.J.q8mSURKUUeQDtobyN5xmswIs1qggzrwXftqPGZ5iMEjtO1DG_2AMYD4GXJq5bvQ2sqk2Rkcu2o-&background=0xababab&mode=Padding&format=png",
		"userXuid":2533274815432547
	},
	{
		"startTime":"2015-04-19T12:45:49.6016711Z",
		"endTime":"2015-04-19T14:00:43.6146924Z",
		"sessionDurationInMinutes":74,
		"contentImageUri":"http:\/\/images-eds.xboxlive.com\/image?url=S35PkG.Po6AuYMOCXUZRrEOttKZnyhla8BAvz_.mFVKA4u8jVObzUIIr.IPhFRiAXDCYYehBCXOsKscjqVzwuK_pykp6.L864bW5NTLfS03arkwy4iOZh_5wHELljjVVHSN07BJSqeFL5Nma9_sNTA--",
		"bingId":"66acd000-77fe-1000-9115-d80257520824",
		"contentTitle":"The Witcher 2: Assassins of Kings",
		"vuiDisplayName":"The Witcher 2",
		"platform":"Xbox360",
		"titleId":1464993828,
		"activity":
		{
			"startTime":"2015-04-19T12:45:49.6016711Z",
			"endTime":"2015-04-19T14:00:43.6146924Z",
			"numShares":0,
			"numLikes":0,
			"numComments":0,
			"ugcCaption":null,
			"activityItemType":"Played",
			"userXuid":2533274815432547,
			"date":"2015-04-19T12:45:49.6016711Z",
			"contentType":"Game",
			"titleId":1464993828,
			"platform":"Xbox360",
			"sandboxid":"RETAIL",
			"userKey":null,
			"scid":null
		},
		"description":"started playing The Witcher 2: Assassins of Kings",
		"date":"2015-04-19T12:45:49.6016711Z",
		"hasUgc":false,
		"activityItemType":"Played",
		"contentType":"Game",
		"shortDescription":"played a game",
		"itemText":"The Witcher 2: Assassins of Kings",
		"itemImage":"http:\/\/images-eds.xboxlive.com\/image?url=S35PkG.Po6AuYMOCXUZRrEOttKZnyhla8BAvz_.mFVKA4u8jVObzUIIr.IPhFRiAXDCYYehBCXOsKscjqVzwuK_pykp6.L864bW5NTLfS03arkwy4iOZh_5wHELljjVVHSN07BJSqeFL5Nma9_sNTA--",
		"shareRoot":"avty.xboxlive.com\/users\/xuid(2533274815432547)\/contexts\/90000017E0763_2015_04\/activity\/Activity.201504.19.2.57520824.635650443496016711",
		"feedItemId":"avty.xboxlive.com\/users\/xuid(2533274815432547)\/contexts\/90000017E0763_2015_04\/activity\/Activity.201504.19.2.57520824.635650443496016711",
		"itemRoot":"avty.xboxlive.com\/users\/xuid(2533274815432547)\/contexts\/90000017E0763_2015_04\/activity\/Activity.201504.19.2.57520824.635650443496016711",
		"hasLiked":false,
		"authorInfo":
		{
			"name":"UcAntSAvEmeNow",
			"secondName":"",
			"imageUrl":"http:\/\/images-eds.xboxlive.com\/image?url=mHGRD8KXEf2sp2LC58XhBQKNl2IWRp.J.q8mSURKUUeQDtobyN5xmswIs1qggzrwXftqPGZ5iMEjtO1DG_2AMYD4GXJq5bvQ2sqk2Rkcu2o-&background=0xababab&mode=Padding&format=png",
			"authorType":"User",
			"id":2533274815432547
		},
		"gamertag":"UcAntSAvEmeNow",
		"realName":"",
		"displayName":"UcAntSAvEmeNow",
		"userImageUri":"http:\/\/images-eds.xboxlive.com\/image?url=mHGRD8KXEf2sp2LC58XhBQKNl2IWRp.J.q8mSURKUUeQDtobyN5xmswIs1qggzrwXftqPGZ5iMEjtO1DG_2AMYD4GXJq5bvQ2sqk2Rkcu2o-&background=0xababab&mode=Padding&format=png",
		"userXuid":2533274815432547
	},
	{
		"startTime":"2015-04-18T18:21:26.411613Z",
		"endTime":"2015-04-18T19:02:26.7654001Z",
		"sessionDurationInMinutes":41,
		"contentImageUri":"http:\/\/images-eds.xboxlive.com\/image?url=8Oaj9Ryq1G1_p3lLnXlsaZgGzAie6Mnu24_PawYuDYIoH77pJ.X5Z.MqQPibUVTcqhedHRULAvUwiZfW5sZCIAG8rR2DIWGyTqsfPINmpRsVA9h8QRynfuQ6H0DerpwB0nmj1wSfzg0QojiPM8L87oew1zCMVHp6eBSxG_V.InZ8OyPrZkfnLZuQGHlrPfFD7VTVLMZa8kSOMyN6pUbUpp1MF6HWCnGVnD8OtdMClJk-",
		"bingId":"337f7d51-bc20-4b9b-ad6c-2a2395a42ecb",
		"contentTitle":"Netflix",
		"vuiDisplayName":"Netflix",
		"platform":"XboxOne",
		"titleId":327370029,
		"activity":
		{
			"startTime":"2015-04-18T18:21:26.411613Z",
			"endTime":"2015-04-18T19:02:26.7654001Z",
			"numShares":0,
			"numLikes":0,
			"numComments":0,
			"ugcCaption":null,
			"activityItemType":"Played",
			"userXuid":2533274815432547,
			"date":"2015-04-18T18:21:26.411613Z",
			"contentType":"App",
			"titleId":327370029,
			"platform":"XboxOne",
			"sandboxid":"RETAIL",
			"userKey":null,
			"scid":null
		},
		"description":"started using Netflix",
		"date":"2015-04-18T18:21:26.411613Z",
		"hasUgc":false,
		"activityItemType":"Played",
		"contentType":"App",
		"shortDescription":"used an app",
		"itemText":"Netflix",
		"itemImage":"http:\/\/images-eds.xboxlive.com\/image?url=8Oaj9Ryq1G1_p3lLnXlsaZgGzAie6Mnu24_PawYuDYIoH77pJ.X5Z.MqQPibUVTcqhedHRULAvUwiZfW5sZCIAG8rR2DIWGyTqsfPINmpRsVA9h8QRynfuQ6H0DerpwB0nmj1wSfzg0QojiPM8L87oew1zCMVHp6eBSxG_V.InZ8OyPrZkfnLZuQGHlrPfFD7VTVLMZa8kSOMyN6pUbUpp1MF6HWCnGVnD8OtdMClJk-",
		"shareRoot":"avty.xboxlive.com\/users\/xuid(2533274815432547)\/contexts\/90000017E0763_2015_04\/activity\/Activity.201504.18.2.1383452D.635649780864116130",
		"feedItemId":"avty.xboxlive.com\/users\/xuid(2533274815432547)\/contexts\/90000017E0763_2015_04\/activity\/Activity.201504.18.2.1383452D.635649780864116130",
		"itemRoot":"avty.xboxlive.com\/users\/xuid(2533274815432547)\/contexts\/90000017E0763_2015_04\/activity\/Activity.201504.18.2.1383452D.635649780864116130",
		"hasLiked":false,
		"authorInfo":
		{
			"name":"UcAntSAvEmeNow",
			"secondName":"",
			"imageUrl":"http:\/\/images-eds.xboxlive.com\/image?url=mHGRD8KXEf2sp2LC58XhBQKNl2IWRp.J.q8mSURKUUeQDtobyN5xmswIs1qggzrwXftqPGZ5iMEjtO1DG_2AMYD4GXJq5bvQ2sqk2Rkcu2o-&background=0xababab&mode=Padding&format=png",
			"authorType":"User",
			"id":2533274815432547
		},
		"gamertag":"UcAntSAvEmeNow",
		"realName":"",
		"displayName":"UcAntSAvEmeNow",
		"userImageUri":"http:\/\/images-eds.xboxlive.com\/image?url=mHGRD8KXEf2sp2LC58XhBQKNl2IWRp.J.q8mSURKUUeQDtobyN5xmswIs1qggzrwXftqPGZ5iMEjtO1DG_2AMYD4GXJq5bvQ2sqk2Rkcu2o-&background=0xababab&mode=Padding&format=png",
		"userXuid":2533274815432547
	},
	{
		"startTime":"2015-04-18T15:55:53.720385Z",
		"endTime":"2015-04-18T18:36:26.6311567Z",
		"sessionDurationInMinutes":160,
		"contentImageUri":"http:\/\/images-eds.xboxlive.com\/image?url=8Oaj9Ryq1G1_p3lLnXlsaZgGzAie6Mnu24_PawYuDYIoH77pJ.X5Z.MqQPibUVTc1UIlmVwWzxd9_HFZrMi1kz1KA1Cyy_L7iHJbsMc5tQnD2oI55ZL_jfAkQZ6.pcmuMlAZnVmYPx8uQYAQlzFl7EmDpxFTkgDWS9uciYp3hLX0JMkR59SONEtxV_vECnkGau4MyoAYZ63z6XB3V9SV984sydc.c.Ik2jWT7BKwn5A-",
		"bingId":"9bf4c4be-71b2-41c6-bcc2-d61ac057e2f2",
		"contentTitle":"Battlefield 4",
		"vuiDisplayName":"Battlefield 4",
		"platform":"XboxOne",
		"titleId":1484511986,
		"activity":
		{
			"startTime":"2015-04-18T15:55:53.720385Z",
			"endTime":"2015-04-18T18:36:26.6311567Z",
			"numShares":0,
			"numLikes":0,
			"numComments":0,
			"ugcCaption":null,
			"activityItemType":"Played",
			"userXuid":2533274815432547,
			"date":"2015-04-18T15:55:53.720385Z",
			"contentType":"Game",
			"titleId":1484511986,
			"platform":"XboxOne",
			"sandboxid":"RETAIL",
			"userKey":null,
			"scid":null
		},
		"description":"started playing Battlefield 4",
		"date":"2015-04-18T15:55:53.720385Z",
		"hasUgc":false,
		"activityItemType":"Played",
		"contentType":"Game",
		"shortDescription":"played a game",
		"itemText":"Battlefield 4",
		"itemImage":"http:\/\/images-eds.xboxlive.com\/image?url=8Oaj9Ryq1G1_p3lLnXlsaZgGzAie6Mnu24_PawYuDYIoH77pJ.X5Z.MqQPibUVTc1UIlmVwWzxd9_HFZrMi1kz1KA1Cyy_L7iHJbsMc5tQnD2oI55ZL_jfAkQZ6.pcmuMlAZnVmYPx8uQYAQlzFl7EmDpxFTkgDWS9uciYp3hLX0JMkR59SONEtxV_vECnkGau4MyoAYZ63z6XB3V9SV984sydc.c.Ik2jWT7BKwn5A-",
		"shareRoot":"avty.xboxlive.com\/users\/xuid(2533274815432547)\/contexts\/90000017E0763_2015_04\/activity\/Activity.201504.18.2.587BDAF2.635649693537203850",
		"feedItemId":"avty.xboxlive.com\/users\/xuid(2533274815432547)\/contexts\/90000017E0763_2015_04\/activity\/Activity.201504.18.2.587BDAF2.635649693537203850",
		"itemRoot":"avty.xboxlive.com\/users\/xuid(2533274815432547)\/contexts\/90000017E0763_2015_04\/activity\/Activity.201504.18.2.587BDAF2.635649693537203850",
		"hasLiked":false,
		"authorInfo":
		{
			"name":"UcAntSAvEmeNow",
			"secondName":"",
			"imageUrl":"http:\/\/images-eds.xboxlive.com\/image?url=mHGRD8KXEf2sp2LC58XhBQKNl2IWRp.J.q8mSURKUUeQDtobyN5xmswIs1qggzrwXftqPGZ5iMEjtO1DG_2AMYD4GXJq5bvQ2sqk2Rkcu2o-&background=0xababab&mode=Padding&format=png",
			"authorType":"User",
			"id":2533274815432547
		},
		"gamertag":"UcAntSAvEmeNow",
		"realName":"",
		"displayName":"UcAntSAvEmeNow",
		"userImageUri":"http:\/\/images-eds.xboxlive.com\/image?url=mHGRD8KXEf2sp2LC58XhBQKNl2IWRp.J.q8mSURKUUeQDtobyN5xmswIs1qggzrwXftqPGZ5iMEjtO1DG_2AMYD4GXJq5bvQ2sqk2Rkcu2o-&background=0xababab&mode=Padding&format=png",
		"userXuid":2533274815432547
	}
]